Component: Arm Compiler for Embedded 6.21 Tool: armlink [5ec1fa00]

==============================================================================

Section Cross References

    main.o(.text) refers (Special) to _printf_percent.o(.ARM.Collect$$_printf_percent$$00000000) for _printf_percent
    main.o(.text) refers (Special) to _printf_f.o(.ARM.Collect$$_printf_percent$$00000003) for _printf_f
    main.o(.text) refers (Special) to printf1.o(x$fpl$printf1) for _printf_fp_dec
    main.o(.text) refers (Special) to _scanf_int.o(.text) for _scanf_int
    main.o(.text.fputc) refers (Special) to _printf_percent.o(.ARM.Collect$$_printf_percent$$00000000) for _printf_percent
    main.o(.text.fputc) refers (Special) to _printf_f.o(.ARM.Collect$$_printf_percent$$00000003) for _printf_f
    main.o(.text.fputc) refers (Special) to printf1.o(x$fpl$printf1) for _printf_fp_dec
    main.o(.text.fputc) refers (Special) to _scanf_int.o(.text) for _scanf_int
    main.o(.ARM.exidx.text.fputc) refers (Special) to _printf_percent.o(.ARM.Collect$$_printf_percent$$00000000) for _printf_percent
    main.o(.ARM.exidx.text.fputc) refers (Special) to _printf_f.o(.ARM.Collect$$_printf_percent$$00000003) for _printf_f
    main.o(.ARM.exidx.text.fputc) refers (Special) to printf1.o(x$fpl$printf1) for _printf_fp_dec
    main.o(.ARM.exidx.text.fputc) refers (Special) to _scanf_int.o(.text) for _scanf_int
    main.o(.ARM.exidx.text.fputc) refers to main.o(.text.fputc) for [Anonymous Symbol]
    main.o(.text.main) refers (Special) to _printf_percent.o(.ARM.Collect$$_printf_percent$$00000000) for _printf_percent
    main.o(.text.main) refers (Special) to _printf_f.o(.ARM.Collect$$_printf_percent$$00000003) for _printf_f
    main.o(.text.main) refers (Special) to printf1.o(x$fpl$printf1) for _printf_fp_dec
    main.o(.text.main) refers (Special) to _scanf_int.o(.text) for _scanf_int
    main.o(.text.main) refers to usart.o(.text.usart_start) for usart_start
    main.o(.text.main) refers to var.o(.bss.encoder) for encoder
    main.o(.text.main) refers to encoder.o(.text.timer_encoder_start) for timer_encoder_start
    main.o(.text.main) refers to hbridge.o(.text.pwm_start) for pwm_start
    main.o(.text.main) refers to var.o(.bss.analog_rx) for analog_rx
    main.o(.text.main) refers to adc.o(.text.adc_start) for adc_start
    main.o(.text.main) refers to sample_time.o(.text.timer10_init) for timer10_init
    main.o(.text.main) refers to sample_time.o(.text.timer9_start) for timer9_start
    main.o(.ARM.exidx.text.main) refers (Special) to _printf_percent.o(.ARM.Collect$$_printf_percent$$00000000) for _printf_percent
    main.o(.ARM.exidx.text.main) refers (Special) to _printf_f.o(.ARM.Collect$$_printf_percent$$00000003) for _printf_f
    main.o(.ARM.exidx.text.main) refers (Special) to printf1.o(x$fpl$printf1) for _printf_fp_dec
    main.o(.ARM.exidx.text.main) refers (Special) to _scanf_int.o(.text) for _scanf_int
    main.o(.ARM.exidx.text.main) refers to main.o(.text.main) for [Anonymous Symbol]
    main.o(.text.TIM1_UP_TIM10_IRQHandler) refers (Special) to _printf_percent.o(.ARM.Collect$$_printf_percent$$00000000) for _printf_percent
    main.o(.text.TIM1_UP_TIM10_IRQHandler) refers (Special) to _printf_f.o(.ARM.Collect$$_printf_percent$$00000003) for _printf_f
    main.o(.text.TIM1_UP_TIM10_IRQHandler) refers (Special) to printf1.o(x$fpl$printf1) for _printf_fp_dec
    main.o(.text.TIM1_UP_TIM10_IRQHandler) refers (Special) to _scanf_int.o(.text) for _scanf_int
    main.o(.text.TIM1_UP_TIM10_IRQHandler) refers to var.o(.bss.encoder) for encoder
    main.o(.text.TIM1_UP_TIM10_IRQHandler) refers to var.o(.data.angle_value) for angle_value
    main.o(.text.TIM1_UP_TIM10_IRQHandler) refers to calculation.o(.text.convert_angles) for convert_angles
    main.o(.text.TIM1_UP_TIM10_IRQHandler) refers to var.o(.bss.analog_rx) for analog_rx
    main.o(.text.TIM1_UP_TIM10_IRQHandler) refers to dflt_clz.o(x$fpl$dfltu) for __aeabi_ui2d
    main.o(.text.TIM1_UP_TIM10_IRQHandler) refers to dmul.o(x$fpl$dmul) for __aeabi_dmul
    main.o(.text.TIM1_UP_TIM10_IRQHandler) refers to var.o(.bss.vol_calib) for vol_calib
    main.o(.text.TIM1_UP_TIM10_IRQHandler) refers to f2d.o(x$fpl$f2d) for __aeabi_f2d
    main.o(.text.TIM1_UP_TIM10_IRQHandler) refers to daddsub_clz.o(x$fpl$dsub) for __aeabi_dsub
    main.o(.text.TIM1_UP_TIM10_IRQHandler) refers to ddiv.o(x$fpl$ddiv) for __aeabi_ddiv
    main.o(.text.TIM1_UP_TIM10_IRQHandler) refers to d2f.o(x$fpl$d2f) for __aeabi_d2f
    main.o(.text.TIM1_UP_TIM10_IRQHandler) refers to var.o(.bss.raw_current) for raw_current
    main.o(.text.TIM1_UP_TIM10_IRQHandler) refers to var.o(.bss.current_index) for current_index
    main.o(.text.TIM1_UP_TIM10_IRQHandler) refers to var.o(.bss.current1_array) for current1_array
    main.o(.text.TIM1_UP_TIM10_IRQHandler) refers to var.o(.bss.current2_array) for current2_array
    main.o(.text.TIM1_UP_TIM10_IRQHandler) refers to var.o(.bss.current3_array) for current3_array
[...]
    ../clib/angel/sys.s                      0x00000000   Number         0  libspace.o ABSOLUTE
    ../clib/angel/sys.s                      0x00000000   Number         0  sys_stackheap_outer.o ABSOLUTE
    ../clib/angel/sys.s                      0x00000000   Number         0  use_no_semi.o ABSOLUTE
    ../clib/angel/sys.s                      0x00000000   Number         0  indicate_semi.o ABSOLUTE
    ../clib/angel/sysapp.c                   0x00000000   Number         0  sys_command.o ABSOLUTE
    ../clib/angel/sysapp.c                   0x00000000   Number         0  sys_exit.o ABSOLUTE
    ../clib/angel/sysapp.c                   0x00000000   Number         0  sys_command_hlt.o ABSOLUTE
    ../clib/angel/sysapp.c                   0x00000000   Number         0  sys_exit_hlt.o ABSOLUTE
    ../clib/angel/sysapp.c                   0x00000000   Number         0  sys_wrch.o ABSOLUTE
    ../clib/angel/sysapp.c                   0x00000000   Number         0  sys_wrch_hlt.o ABSOLUTE
    ../clib/armsys.c                         0x00000000   Number         0  argv_veneer.o ABSOLUTE
    ../clib/armsys.c                         0x00000000   Number         0  argv_veneer.o ABSOLUTE
    ../clib/armsys.c                         0x00000000   Number         0  _get_argv_nomalloc.o ABSOLUTE
    ../clib/armsys.c                         0x00000000   Number         0  no_argv.o ABSOLUTE
    ../clib/bigflt.c                         0x00000000   Number         0  bigflt0.o ABSOLUTE
    ../clib/btod.s                           0x00000000   Number         0  btod.o ABSOLUTE
    ../clib/btod_accurate.c                  0x00000000   Number         0  btod_accurate.o ABSOLUTE
    ../clib/btod_accurate.c                  0x00000000   Number         0  btod_accurate_common.o ABSOLUTE
    ../clib/ctype.c                          0x00000000   Number         0  isspace.o ABSOLUTE
    ../clib/heapalloc.c                      0x00000000   Number         0  hrguard.o ABSOLUTE
    ../clib/heapaux.c                        0x00000000   Number         0  heapauxi.o ABSOLUTE
    ../clib/libinit.s                        0x00000000   Number         0  libinit.o ABSOLUTE
    ../clib/libinit.s                        0x00000000   Number         0  libinit2.o ABSOLUTE
    ../clib/libinit.s                        0x00000000   Number         0  libshutdown.o ABSOLUTE
    ../clib/libinit.s                        0x00000000   Number         0  libshutdown2.o ABSOLUTE
    ../clib/locale.s                         0x00000000   Number         0  lc_numeric_c.o ABSOLUTE
    ../clib/locale.s                         0x00000000   Number         0  lc_ctype_c.o ABSOLUTE
    ../clib/longlong.s                       0x00000000   Number         0  lludiv10.o ABSOLUTE
    ../clib/longlong.s                       0x00000000   Number         0  llushr.o ABSOLUTE
    ../clib/memcpset.s                       0x00000000   Number         0  strcmpv7em.o ABSOLUTE
    ../clib/misc.s                           0x00000000   Number         0  printf_stubs.o ABSOLUTE
    ../clib/printf.c                         0x00000000   Number         0  __2printf.o ABSOLUTE
    ../clib/printf.c                         0x00000000   Number         0  noretval__2printf.o ABSOLUTE
    ../clib/printf.c                         0x00000000   Number         0  __printf.o ABSOLUTE
    ../clib/printf.c                         0x00000000   Number         0  __printf_flags.o ABSOLUTE
    ../clib/printf.c                         0x00000000   Number         0  __printf_ss.o ABSOLUTE
    ../clib/printf.c                         0x00000000   Number         0  __printf_flags_ss.o ABSOLUTE
    ../clib/printf.c                         0x00000000   Number         0  __printf_wp.o ABSOLUTE
    ../clib/printf.c                         0x00000000   Number         0  __printf_flags_wp.o ABSOLUTE
    ../clib/printf.c                         0x00000000   Number         0  __printf_ss_wp.o ABSOLUTE
    ../clib/printf.c                         0x00000000   Number         0  __printf_flags_ss_wp.o ABSOLUTE
    ../clib/printf.c                         0x00000000   Number         0  _printf_fp_dec.o ABSOLUTE
    ../clib/printf.c                         0x00000000   Number         0  _printf_fp_dec_accurate.o ABSOLUTE
    ../clib/printf.c                         0x00000000   Number         0  _printf_char_file.o ABSOLUTE
    ../clib/printf.c                         0x00000000   Number         0  _printf_char_common.o ABSOLUTE
    ../clib/printf.c                         0x00000000   Number         0  _printf_fp_infnan.o ABSOLUTE
    ../clib/printf.c                         0x00000000   Number         0  __printf_nopercent.o ABSOLUTE
    ../clib/printf_percent.s                 0x00000000   Number         0  _printf_f.o ABSOLUTE
    ../clib/printf_percent.s                 0x00000000   Number         0  _printf_percent.o ABSOLUTE
    ../clib/printf_percent.s                 0x00000000   Number         0  _printf_percent_end.o ABSOLUTE
    ../clib/scanf.c                          0x00000000   Number         0  __0sscanf.o ABSOLUTE
    ../clib/scanf.c                          0x00000000   Number         0  _scanf_int.o ABSOLUTE
    ../clib/scanf.c                          0x00000000   Number         0  _chval.o ABSOLUTE
    ../clib/scanf.c                          0x00000000   Number         0  scanf_char.o ABSOLUTE
    ../clib/scanf.c                          0x00000000   Number         0  _sgetc.o ABSOLUTE
    ../clib/scanf.c                          0x00000000   Number         0  _scanf.o ABSOLUTE
    ../clib/signal.c                         0x00000000   Number         0  defsig_rtmem_outer.o ABSOLUTE
    ../clib/signal.c                         0x00000000   Number         0  defsig_rtmem_formal.o ABSOLUTE
    ../clib/signal.c                         0x00000000   Number         0  defsig_exit.o ABSOLUTE
    ../clib/signal.c                         0x00000000   Number         0  defsig_rtmem_inner.o ABSOLUTE
    ../clib/signal.c                         0x00000000   Number         0  __raise.o ABSOLUTE
    ../clib/signal.c                         0x00000000   Number         0  defsig_general.o ABSOLUTE
    ../clib/signal.c                         0x00000000   Number         0  defsig_abrt_inner.o ABSOLUTE
    ../clib/signal.c                         0x00000000   Number         0  defsig_fpe_inner.o ABSOLUTE
    ../clib/signal.c                         0x00000000   Number         0  defsig_rtred_inner.o ABSOLUTE
    ../clib/signal.c                         0x00000000   Number         0  defsig_stak_inner.o ABSOLUTE
    ../clib/signal.c                         0x00000000   Number         0  defsig_pvfn_inner.o ABSOLUTE
    ../clib/signal.c                         0x00000000   Number         0  defsig_cppl_inner.o ABSOLUTE
    ../clib/signal.c                         0x00000000   Number         0  defsig_segv_inner.o ABSOLUTE
    ../clib/signal.c                         0x00000000   Number         0  defsig_other.o ABSOLUTE
    ../clib/signal.s                         0x00000000   Number         0  defsig.o ABSOLUTE
    ../clib/stdio.c                          0x00000000   Number         0  ferror.o ABSOLUTE
    ../clib/stdio.c                          0x00000000   Number         0  ferror_locked.o ABSOLUTE
    ../clib/stdlib.c                         0x00000000   Number         0  exit.o ABSOLUTE
    ../fplib/d2f.s                           0x00000000   Number         0  d2f.o ABSOLUTE
    ../fplib/daddsub.s                       0x00000000   Number         0  daddsub_clz.o ABSOLUTE
    ../fplib/dcmp.s                          0x00000000   Number         0  dcmp.o ABSOLUTE
    ../fplib/dcmpi.s                         0x00000000   Number         0  dcmpi.o ABSOLUTE
    ../fplib/ddiv.s                          0x00000000   Number         0  ddiv.o ABSOLUTE
    ../fplib/deqf.s                          0x00000000   Number         0  deqf.o ABSOLUTE
    ../fplib/dfix.s                          0x00000000   Number         0  dfix.o ABSOLUTE
    ../fplib/dflt.s                          0x00000000   Number         0  dflt_clz.o ABSOLUTE
    ../fplib/dgeqf.s                         0x00000000   Number         0  dgeqf.o ABSOLUTE
    ../fplib/dleqf.s                         0x00000000   Number         0  dleqf.o ABSOLUTE
    ../fplib/dmul.s                          0x00000000   Number         0  dmul.o ABSOLUTE
    ../fplib/dnaninf.s                       0x00000000   Number         0  dnaninf.o ABSOLUTE
    ../fplib/dretinf.s                       0x00000000   Number         0  dretinf.o ABSOLUTE
    ../fplib/f2d.s                           0x00000000   Number         0  f2d.o ABSOLUTE
    ../fplib/fnaninf.s                       0x00000000   Number         0  fnaninf.o ABSOLUTE
    ../fplib/fpinit.s                        0x00000000   Number         0  fpinit.o ABSOLUTE
    ../fplib/fretinf.s                       0x00000000   Number         0  fretinf.o ABSOLUTE
    ../fplib/istatus.s                       0x00000000   Number         0  istatus.o ABSOLUTE
    ../fplib/printf1.s                       0x00000000   Number         0  printf1.o ABSOLUTE
    ../fplib/usenofp.s                       0x00000000   Number         0  usenofp.o ABSOLUTE
    ../mathlib/fpclassify.c                  0x00000000   Number         0  fpclassify.o ABSOLUTE
    RTE/Device/STM32F401RCTx/startup_stm32f401xc.s 0x00000000   Number         0  startup_stm32f401xc.o ABSOLUTE
    adc.c                                    0x00000000   Number         0  adc.o ABSOLUTE
    calculation.c                            0x00000000   Number         0  calculation.o ABSOLUTE
    dc.s                                     0x00000000   Number         0  dc.o ABSOLUTE
    encoder.c                                0x00000000   Number         0  encoder.o ABSOLUTE
    hbridge.c                                0x00000000   Number         0  hbridge.o ABSOLUTE
    main.c                                   0x00000000   Number         0  main.o ABSOLUTE
    sample_time.c                            0x00000000   Number         0  sample_time.o ABSOLUTE
    system_stm32f4xx.c                       0x00000000   Number         0  system_stm32f4xx.o ABSOLUTE
    usart.c                                  0x00000000   Number         0  usart.o ABSOLUTE
    var.c                                    0x00000000   Number         0  var.o ABSOLUTE
    RESET                                    0x08000000   Section      404  startup_stm32f401xc.o(RESET)
    !!!main                                  0x08000194   Section        8  __main.o(!!!main)
    !!!scatter                               0x0800019c   Section       92  __scatter.o(!!!scatter)
    !!handler_copy                           0x080001f8   Section       26  __scatter_copy.o(!!handler_copy)
    !!handler_null                           0x08000214   Section        2  __scatter.o(!!handler_null)
    !!handler_zi                             0x08000218   Section       28  __scatter_zi.o(!!handler_zi)
    .ARM.Collect$$_printf_percent$$00000000  0x08000234   Section        0  _printf_percent.o(.ARM.Collect$$_printf_percent$$00000000)
    .ARM.Collect$$_printf_percent$$00000003  0x08000234   Section        6  _printf_f.o(.ARM.Collect$$_printf_percent$$00000003)
    .ARM.Collect$$_printf_percent$$00000017  0x0800023a   Section        4  _printf_percent_end.o(.ARM.Collect$$_printf_percent$$00000017)
    .ARM.Collect$$libinit$$00000000          0x0800023e   Section        2  libinit.o(.ARM.Collect$$libinit$$00000000)
    .ARM.Collect$$libinit$$00000001          0x08000240   Section        4  libinit2.o(.ARM.Collect$$libinit$$00000001)
    .ARM.Collect$$libinit$$00000004          0x08000244   Section        0  libinit2.o(.ARM.Collect$$libinit$$00000004)
    .ARM.Collect$$libinit$$00000006          0x08000244   Section        0  libinit2.o(.ARM.Collect$$libinit$$00000006)
    .ARM.Collect$$libinit$$0000000C          0x08000244   Section        0  libinit2.o(.ARM.Collect$$libinit$$0000000C)
    .ARM.Collect$$libinit$$0000000E          0x08000244   Section        0  libinit2.o(.ARM.Collect$$libinit$$0000000E)
    .ARM.Collect$$libinit$$00000010          0x08000244   Section        0  libinit2.o(.ARM.Collect$$libinit$$00000010)
    .ARM.Collect$$libinit$$00000011          0x08000244   Section        6  libinit2.o(.ARM.Collect$$libinit$$00000011)
    .ARM.Collect$$libinit$$00000013          0x0800024a   Section        0  libinit2.o(.ARM.Collect$$libinit$$00000013)
    .ARM.Collect$$libinit$$00000014          0x0800024a   Section       12  libinit2.o(.ARM.Collect$$libinit$$00000014)
    .ARM.Collect$$libinit$$00000015          0x08000256   Section        0  libinit2.o(.ARM.Collect$$libinit$$00000015)
    .ARM.Collect$$libinit$$00000017          0x08000256   Section        0  libinit2.o(.ARM.Collect$$libinit$$00000017)
    .ARM.Collect$$libinit$$00000018          0x08000256   Section       10  libinit2.o(.ARM.Collect$$libinit$$00000018)
    .ARM.Collect$$libinit$$00000019          0x08000260   Section        0  libinit2.o(.ARM.Collect$$libinit$$00000019)
    .ARM.Collect$$libinit$$0000001B          0x08000260   Section        0  libinit2.o(.ARM.Collect$$libinit$$0000001B)
    .ARM.Collect$$libinit$$0000001D          0x08000260   Section        0  libinit2.o(.ARM.Collect$$libinit$$0000001D)
    .ARM.Collect$$libinit$$0000001F          0x08000260   Section        0  libinit2.o(.ARM.Collect$$libinit$$0000001F)
    .ARM.Collect$$libinit$$00000021          0x08000260   Section        0  libinit2.o(.ARM.Collect$$libinit$$00000021)
    .ARM.Collect$$libinit$$00000023          0x08000260   Section        0  libinit2.o(.ARM.Collect$$libinit$$00000023)
    .ARM.Collect$$libinit$$00000025          0x08000260   Section        0  libinit2.o(.ARM.Collect$$libinit$$00000025)
    .ARM.Collect$$libinit$$00000027          0x08000260   Section        0  libinit2.o(.ARM.Collect$$libinit$$00000027)
    .ARM.Collect$$libinit$$0000002E          0x08000260   Section        0  libinit2.o(.ARM.Collect$$libinit$$0000002E)
    .ARM.Collect$$libinit$$00000030          0x08000260   Section        0  libinit2.o(.ARM.Collect$$libinit$$00000030)
    .ARM.Collect$$libinit$$00000032          0x08000260   Section        0  libinit2.o(.ARM.Collect$$libinit$$00000032)
    .ARM.Collect$$libinit$$00000034          0x08000260   Section        0  libinit2.o(.ARM.Collect$$libinit$$00000034)
    .ARM.Collect$$libinit$$00000035          0x08000260   Section        2  libinit2.o(.ARM.Collect$$libinit$$00000035)
    .ARM.Collect$$libshutdown$$00000000      0x08000262   Section        2  libshutdown.o(.ARM.Collect$$libshutdown$$00000000)
    .ARM.Collect$$libshutdown$$00000002      0x08000264   Section        0  libshutdown2.o(.ARM.Collect$$libshutdown$$00000002)
    .ARM.Collect$$libshutdown$$00000004      0x08000264   Section        0  libshutdown2.o(.ARM.Collect$$libshutdown$$00000004)
    .ARM.Collect$$libshutdown$$00000007      0x08000264   Section        0  libshutdown2.o(.ARM.Collect$$libshutdown$$00000007)
    .ARM.Collect$$libshutdown$$0000000A      0x08000264   Section        0  libshutdown2.o(.ARM.Collect$$libshutdown$$0000000A)
    .ARM.Collect$$libshutdown$$0000000C      0x08000264   Section        0  libshutdown2.o(.ARM.Collect$$libshutdown$$0000000C)
    .ARM.Collect$$libshutdown$$0000000F      0x08000264   Section        0  libshutdown2.o(.ARM.Collect$$libshutdown$$0000000F)
    .ARM.Collect$$libshutdown$$00000010      0x08000264   Section        2  libshutdown2.o(.ARM.Collect$$libshutdown$$00000010)
    .ARM.Collect$$rtentry$$00000000          0x08000266   Section        0  __rtentry.o(.ARM.Collect$$rtentry$$00000000)
    .ARM.Collect$$rtentry$$00000002          0x08000266   Section        0  __rtentry2.o(.ARM.Collect$$rtentry$$00000002)
    .ARM.Collect$$rtentry$$00000004          0x08000266   Section        6  __rtentry4.o(.ARM.Collect$$rtentry$$00000004)
    .ARM.Collect$$rtentry$$00000009          0x0800026c   Section        0  __rtentry2.o(.ARM.Collect$$rtentry$$00000009)
    .ARM.Collect$$rtentry$$0000000A          0x0800026c   Section        4  __rtentry2.o(.ARM.Collect$$rtentry$$0000000A)
    .ARM.Collect$$rtentry$$0000000C          0x08000270   Section        0  __rtentry2.o(.ARM.Collect$$rtentry$$0000000C)
    .ARM.Collect$$rtentry$$0000000D          0x08000270   Section        8  __rtentry2.o(.ARM.Collect$$rtentry$$0000000D)
    .ARM.Collect$$rtexit$$00000000           0x08000278   Section        2  rtexit.o(.ARM.Collect$$rtexit$$00000000)
    .ARM.Collect$$rtexit$$00000002           0x0800027a   Section        0  rtexit2.o(.ARM.Collect$$rtexit$$00000002)
    .ARM.Collect$$rtexit$$00000003           0x0800027a   Section        4  rtexit2.o(.ARM.Collect$$rtexit$$00000003)
    .ARM.Collect$$rtexit$$00000004           0x0800027e   Section        6  rtexit2.o(.ARM.Collect$$rtexit$$00000004)
    $v0                                      0x08000284   Number         0  startup_stm32f401xc.o(.text)
    .text                                    0x08000284   Section       64  startup_stm32f401xc.o(.text)
    .text                                    0x080002c4   Section        0  noretval__2printf.o(.text)
    .text                                    0x080002dc   Section        0  __printf_wp.o(.text)
    .text                                    0x080003ec   Section        0  __0sscanf.o(.text)
    .text                                    0x08000428   Section        0  _scanf_int.o(.text)
    .text                                    0x08000574   Section        0  heapauxi.o(.text)
    _fp_digits                               0x0800057b   Thumb Code   432  _printf_fp_dec.o(.text)
    .text                                    0x0800057a   Section        0  _printf_fp_dec.o(.text)
    .text                                    0x08000998   Section        0  _printf_char_file.o(.text)
    .text                                    0x080009bc   Section        0  _chval.o(.text)
    _scanf_char_input                        0x080009d9   Thumb Code    12  scanf_char.o(.text)
    .text                                    0x080009d8   Section        0  scanf_char.o(.text)
    .text                                    0x08000a04   Section        0  _sgetc.o(.text)
    .text                                    0x08000a44   Section        8  rt_locale_intlibspace.o(.text)
    .text                                    0x08000a4c   Section      138  lludiv10.o(.text)
    .text                                    0x08000ad6   Section        0  isspace.o(.text)
    _printf_input_char                       0x08000ae9   Thumb Code    10  _printf_char_common.o(.text)
    .text                                    0x08000ae8   Section        0  _printf_char_common.o(.text)
    .text                                    0x08000b18   Section        0  _printf_fp_infnan.o(.text)
    .text                                    0x08000b98   Section        0  _scanf.o(.text)
    .text                                    0x08000f0c   Section        0  bigflt0.o(.text)
    .text                                    0x08000ff0   Section        0  ferror.o(.text)
    .text                                    0x08000ff8   Section        8  libspace.o(.text)
    .text                                    0x08001000   Section       74  sys_stackheap_outer.o(.text)
    .text                                    0x0800104c   Section       16  rt_ctype_table.o(.text)
    .text                                    0x0800105c   Section        0  exit.o(.text)
    .text                                    0x08001070   Section      124  strcmpv7em.o(.text)
    .text                                    0x080010ec   Section        0  sys_exit.o(.text)
    .text                                    0x080010f8   Section        2  use_no_semi.o(.text)
    .text                                    0x080010fa   Section        0  indicate_semi.o(.text)
    [Anonymous Symbol]                       0x080010fc   Section        0  calculation.o(.text.PID_Current1)
    [Anonymous Symbol]                       0x080011c4   Section        0  calculation.o(.text.PID_Current2)
    [Anonymous Symbol]                       0x0800128c   Section        0  calculation.o(.text.PID_Current3)
    [Anonymous Symbol]                       0x08001354   Section        0  system_stm32f4xx.o(.text.SystemInit)
    [Anonymous Symbol]                       0x08001368   Section        0  sample_time.o(.text.TIM1_BRK_TIM9_IRQHandler)
    [Anonymous Symbol]                       0x08001728   Section        0  main.o(.text.TIM1_UP_TIM10_IRQHandler)
    [Anonymous Symbol]                       0x08001d5c   Section        0  main.o(.text.USART2_IRQHandler)
    [Anonymous Symbol]                       0x08001dbc   Section        0  adc.o(.text.adc_init)
    [Anonymous Symbol]                       0x08001e64   Section        0  adc.o(.text.adc_start)
    [Anonymous Symbol]                       0x08001ed8   Section        0  calculation.o(.text.convert_angles)
    [Anonymous Symbol]                       0x08001f50   Section        0  main.o(.text.fputc)
    [Anonymous Symbol]                       0x08001f64   Section        0  main.o(.text.main)
    [Anonymous Symbol]                       0x08001f90   Section        0  hbridge.o(.text.pwm_set_all)
    [Anonymous Symbol]                       0x08002030   Section        0  hbridge.o(.text.pwm_start)
    [Anonymous Symbol]                       0x08002114   Section        0  sample_time.o(.text.timer10_init)
    [Anonymous Symbol]                       0x08002158   Section        0  sample_time.o(.text.timer9_start)
    [Anonymous Symbol]                       0x0800219c   Section        0  encoder.o(.text.timer_encoder_start)
    [Anonymous Symbol]                       0x080024c4   Section        0  usart.o(.text.usart_start)
    CL$$btod_d2e                             0x08002534   Section       62  btod.o(CL$$btod_d2e)
    CL$$btod_d2e_denorm_low                  0x08002572   Section       70  btod.o(CL$$btod_d2e_denorm_low)
    CL$$btod_d2e_norm_op1                    0x080025b8   Section       96  btod.o(CL$$btod_d2e_norm_op1)
    CL$$btod_div_common                      0x08002618   Section      824  btod.o(CL$$btod_div_common)
    CL$$btod_e2e                             0x08002950   Section      220  btod.o(CL$$btod_e2e)
    CL$$btod_ediv                            0x08002a2c   Section       42  btod.o(CL$$btod_ediv)
    CL$$btod_emul                            0x08002a56   Section       42  btod.o(CL$$btod_emul)
    CL$$btod_mult_common                     0x08002a80   Section      580  btod.o(CL$$btod_mult_common)
    i.__ARM_fpclassify                       0x08002cc4   Section        0  fpclassify.o(i.__ARM_fpclassify)
    i._is_digit                              0x08002cf4   Section        0  __printf_wp.o(i._is_digit)
    locale$$code                             0x08002d04   Section       44  lc_numeric_c.o(locale$$code)
    locale$$code                             0x08002d30   Section       44  lc_ctype_c.o(locale$$code)
    $v0                                      0x08002d5c   Number         0  d2f.o(x$fpl$d2f)
    x$fpl$d2f                                0x08002d5c   Section       98  d2f.o(x$fpl$d2f)
    $v0                                      0x08002dc0   Number         0  daddsub_clz.o(x$fpl$dadd)
    x$fpl$dadd                               0x08002dc0   Section      336  daddsub_clz.o(x$fpl$dadd)
    _dadd1                                   0x08002dd1   Thumb Code     0  daddsub_clz.o(x$fpl$dadd)
    $v0                                      0x08002f10   Number         0  dcmpi.o(x$fpl$dcmpinf)
    x$fpl$dcmpinf                            0x08002f10   Section       24  dcmpi.o(x$fpl$dcmpinf)
    $v0                                      0x08002f28   Number         0  ddiv.o(x$fpl$ddiv)
    x$fpl$ddiv                               0x08002f28   Section      692  ddiv.o(x$fpl$ddiv)
    ddiv_entry                               0x08002f2f   Thumb Code     0  ddiv.o(x$fpl$ddiv)
    $v0                                      0x080031dc   Number         0  deqf.o(x$fpl$deqf)
    x$fpl$deqf                               0x080031dc   Section      120  deqf.o(x$fpl$deqf)
    $v0                                      0x08003254   Number         0  dfix.o(x$fpl$dfix)
    x$fpl$dfix                               0x08003254   Section       94  dfix.o(x$fpl$dfix)
    $v0                                      0x080032b2   Number         0  dflt_clz.o(x$fpl$dflt)
    x$fpl$dflt                               0x080032b2   Section       46  dflt_clz.o(x$fpl$dflt)
    $v0                                      0x080032e0   Number         0  dflt_clz.o(x$fpl$dfltu)
    x$fpl$dfltu                              0x080032e0   Section       38  dflt_clz.o(x$fpl$dfltu)
    $v0                                      0x08003308   Number         0  dgeqf.o(x$fpl$dgeqf)
    x$fpl$dgeqf                              0x08003308   Section      120  dgeqf.o(x$fpl$dgeqf)
    $v0                                      0x08003380   Number         0  dleqf.o(x$fpl$dleqf)
    x$fpl$dleqf                              0x08003380   Section      120  dleqf.o(x$fpl$dleqf)
    $v0                                      0x080033f8   Number         0  dmul.o(x$fpl$dmul)
    x$fpl$dmul                               0x080033f8   Section      340  dmul.o(x$fpl$dmul)
    $v0                                      0x0800354c   Number         0  dnaninf.o(x$fpl$dnaninf)
    x$fpl$dnaninf                            0x0800354c   Section      156  dnaninf.o(x$fpl$dnaninf)
    $v0                                      0x080035e8   Number         0  dretinf.o(x$fpl$dretinf)
    x$fpl$dretinf                            0x080035e8   Section       12  dretinf.o(x$fpl$dretinf)
    $v0                                      0x080035f4   Number         0  daddsub_clz.o(x$fpl$dsub)
    x$fpl$dsub                               0x080035f4   Section      476  daddsub_clz.o(x$fpl$dsub)
    _dsub1                                   0x08003605   Thumb Code     0  daddsub_clz.o(x$fpl$dsub)
    $v0                                      0x080037d0   Number         0  f2d.o(x$fpl$f2d)
    x$fpl$f2d                                0x080037d0   Section       86  f2d.o(x$fpl$f2d)
    $v0                                      0x08003826   Number         0  dcmp.o(x$fpl$fcmp)
    x$fpl$fcmp                               0x08003826   Section       84  dcmp.o(x$fpl$fcmp)
    $v0                                      0x0800387a   Number         0  fnaninf.o(x$fpl$fnaninf)
    x$fpl$fnaninf                            0x0800387a   Section      140  fnaninf.o(x$fpl$fnaninf)
    $v0                                      0x08003906   Number         0  fpinit.o(x$fpl$fpinit)
    x$fpl$fpinit                             0x08003906   Section       26  fpinit.o(x$fpl$fpinit)
    $v0                                      0x08003920   Number         0  fretinf.o(x$fpl$fretinf)
    x$fpl$fretinf                            0x08003920   Section       10  fretinf.o(x$fpl$fretinf)
    $v0                                      0x0800392a   Number         0  printf1.o(x$fpl$printf1)
    x$fpl$printf1                            0x0800392a   Section        4  printf1.o(x$fpl$printf1)
    x$fpl$usenofp                            0x0800392e   Section        0  usenofp.o(x$fpl$usenofp)
    tenpwrs_x                                0x08003930   Data          60  bigflt0.o(.constdata)
    .constdata                               0x08003930   Section      148  bigflt0.o(.constdata)
    tenpwrs_i                                0x0800396c   Data          64  bigflt0.o(.constdata)
    locale$$data                             0x080039e4   Section       28  lc_numeric_c.o(locale$$data)
    __lcnum_c_name                           0x080039e8   Data           2  lc_numeric_c.o(locale$$data)
    __lcnum_c_start                          0x080039f0   Data           0  lc_numeric_c.o(locale$$data)
    __lcnum_c_point                          0x080039fc   Data           0  lc_numeric_c.o(locale$$data)
    __lcnum_c_thousands                      0x080039fe   Data           0  lc_numeric_c.o(locale$$data)
    __lcnum_c_grouping                       0x080039ff   Data           0  lc_numeric_c.o(locale$$data)
    __lcnum_c_end                            0x08003a00   Data           0  lc_numeric_c.o(locale$$data)
    locale$$data                             0x08003a00   Section      272  lc_ctype_c.o(locale$$data)
    __lcctype_c_name                         0x08003a04   Data           2  lc_ctype_c.o(locale$$data)
    __lcctype_c_start                        0x08003a0c   Data           0  lc_ctype_c.o(locale$$data)
    __lcctype_c_end                          0x08003b10   Data           0  lc_ctype_c.o(locale$$data)
    .bss                                     0x20000038   Section       96  libspace.o(.bss)
    PID_Current1.err_p                       0x200000b0   Data           4  calculation.o(.bss.PID_Current1.err_p)
    [Anonymous Symbol]                       0x200000b0   Section        0  calculation.o(.bss.PID_Current1.err_p)
    PID_Current1.udf_p                       0x200000b4   Data           4  calculation.o(.bss.PID_Current1.udf_p)
    [Anonymous Symbol]                       0x200000b4   Section        0  calculation.o(.bss.PID_Current1.udf_p)
    PID_Current1.ui_p                        0x200000b8   Data           4  calculation.o(.bss.PID_Current1.ui_p)
    [Anonymous Symbol]                       0x200000b8   Section        0  calculation.o(.bss.PID_Current1.ui_p)
    PID_Current2.err_p                       0x200000bc   Data           4  calculation.o(.bss.PID_Current2.err_p)
    [Anonymous Symbol]                       0x200000bc   Section        0  calculation.o(.bss.PID_Current2.err_p)
    PID_Current2.udf_p                       0x200000c0   Data           4  calculation.o(.bss.PID_Current2.udf_p)
    [Anonymous Symbol]                       0x200000c0   Section        0  calculation.o(.bss.PID_Current2.udf_p)
    PID_Current2.ui_p                        0x200000c4   Data           4  calculation.o(.bss.PID_Current2.ui_p)
    [Anonymous Symbol]                       0x200000c4   Section        0  calculation.o(.bss.PID_Current2.ui_p)
    PID_Current3.err_p                       0x200000c8   Data           4  calculation.o(.bss.PID_Current3.err_p)
    [Anonymous Symbol]                       0x200000c8   Section        0  calculation.o(.bss.PID_Current3.err_p)
    PID_Current3.udf_p                       0x200000cc   Data           4  calculation.o(.bss.PID_Current3.udf_p)
    [Anonymous Symbol]                       0x200000cc   Section        0  calculation.o(.bss.PID_Current3.udf_p)
    PID_Current3.ui_p                        0x200000d0   Data           4  calculation.o(.bss.PID_Current3.ui_p)
    [Anonymous Symbol]                       0x200000d0   Section        0  calculation.o(.bss.PID_Current3.ui_p)
    Heap_Mem                                 0x200047b0   Data         512  startup_stm32f401xc.o(HEAP)
    HEAP                                     0x200047b0   Section      512  startup_stm32f401xc.o(HEAP)
    Stack_Mem                                0x200049b0   Data        1024  startup_stm32f401xc.o(STACK)
    STACK                                    0x200049b0   Section     1024  startup_stm32f401xc.o(STACK)
    __initial_sp                             0x20004db0   Data           0  startup_stm32f401xc.o(STACK)

    Global Symbols

    Symbol Name                              Value     Ov Type        Size  Object(Section)

    BuildAttributes$$THM_ISAv4$E$P$D$K$B$S$7EM$VFPi3$EXTD16$VFPS$VFMA$PE$A:L22UL41UL21$X:L11$S22US41US21$IEEE1$IW$~IW$USESV6$~STKCKD$USESV7$~SHL$OTIME$ROPI$IEEEJ$EBA8$UX$STANDARDLIB$REQ8$PRES8$EABIv2 0x00000000   Number         0  anon$$obj.o ABSOLUTE
    _printf_flags                            0x00000000   Number         0  printf_stubs.o ABSOLUTE
    _printf_return_value                     0x00000000   Number         0  printf_stubs.o ABSOLUTE
    _printf_sizespec                         0x00000000   Number         0  printf_stubs.o ABSOLUTE
    _printf_widthprec                        0x00000000   Number         0  printf_stubs.o ABSOLUTE
    __ARM_exceptions_init                     - Undefined Weak Reference
    __alloca_initialize                       - Undefined Weak Reference
    __arm_preinit_                            - Undefined Weak Reference
    __arm_relocate_pie_                       - Undefined Weak Reference
    __cpp_initialize__aeabi_                  - Undefined Weak Reference
    __cxa_finalize                            - Undefined Weak Reference
    __sigvec_lookup                           - Undefined Weak Reference
    _atexit_init                              - Undefined Weak Reference
    _call_atexit_fns                          - Undefined Weak Reference
    _clock_init                               - Undefined Weak Reference
    _fp_trap_init                             - Undefined Weak Reference
    _fp_trap_shutdown                         - Undefined Weak Reference
    _get_lc_collate                           - Undefined Weak Reference
    _get_lc_monetary                          - Undefined Weak Reference
    _get_lc_time                              - Undefined Weak Reference
    _getenv_init                              - Undefined Weak Reference
    _handle_redirection                       - Undefined Weak Reference
    _init_alloc                               - Undefined Weak Reference
    _init_user_alloc                          - Undefined Weak Reference
    _initio                                   - Undefined Weak Reference
    _mutex_acquire                            - Undefined Weak Reference
    _mutex_release                            - Undefined Weak Reference
    _printf_post_padding                      - Undefined Weak Reference
    _printf_pre_padding                       - Undefined Weak Reference
    _rand_init                                - Undefined Weak Reference
    _scanf_longlong                           - Undefined Weak Reference
    _scanf_mbtowc                             - Undefined Weak Reference
    _scanf_real                               - Undefined Weak Reference
    _scanf_string                             - Undefined Weak Reference
    _scanf_wctomb                             - Undefined Weak Reference
    _scanf_wstring                            - Undefined Weak Reference
    _signal_finish                            - Undefined Weak Reference
    _signal_init                              - Undefined Weak Reference
    _terminate_alloc                          - Undefined Weak Reference
    _terminate_user_alloc                     - Undefined Weak Reference
    _terminateio                              - Undefined Weak Reference
    __Vectors_Size                           0x00000194   Number         0  startup_stm32f401xc.o ABSOLUTE
    __Vectors                                0x08000000   Data           4  startup_stm32f401xc.o(RESET)
    __Vectors_End                            0x08000194   Data           0  startup_stm32f401xc.o(RESET)
    __main                                   0x08000195   Thumb Code     8  __main.o(!!!main)
    __scatterload                            0x0800019d   Thumb Code     0  __scatter.o(!!!scatter)
    __scatterload_rt2                        0x0800019d   Thumb Code    84  __scatter.o(!!!scatter)
    __scatterload_rt2_thumb_only             0x0800019d   Thumb Code     0  __scatter.o(!!!scatter)
    __scatterload_loop                       0x080001a7   Thumb Code     0  __scatter.o(!!!scatter)
    __scatterload_copy                       0x080001f9   Thumb Code    26  __scatter_copy.o(!!handler_copy)
    __scatterload_null                       0x08000215   Thumb Code     2  __scatter.o(!!handler_null)
    __scatterload_zeroinit                   0x08000219   Thumb Code    28  __scatter_zi.o(!!handler_zi)
    _printf_f                                0x08000235   Thumb Code     0  _printf_f.o(.ARM.Collect$$_printf_percent$$00000003)
    _printf_percent                          0x08000235   Thumb Code     0  _printf_percent.o(.ARM.Collect$$_printf_percent$$00000000)
    _printf_percent_end                      0x0800023b   Thumb Code     0  _printf_percent_end.o(.ARM.Collect$$_printf_percent$$00000017)
    __rt_lib_init                            0x0800023f   Thumb Code     0  libinit.o(.ARM.Collect$$libinit$$00000000)
    __rt_lib_init_fp_1                       0x08000241   Thumb Code     0  libinit2.o(.ARM.Collect$$libinit$$00000001)
    __rt_lib_init_heap_1                     0x08000245   Thumb Code     0  libinit2.o(.ARM.Collect$$libinit$$0000000C)
    __rt_lib_init_lc_common                  0x08000245   Thumb Code     0  libinit2.o(.ARM.Collect$$libinit$$00000011)
    __rt_lib_init_preinit_1                  0x08000245   Thumb Code     0  libinit2.o(.ARM.Collect$$libinit$$00000006)
    __rt_lib_init_rand_1                     0x08000245   Thumb Code     0  libinit2.o(.ARM.Collect$$libinit$$00000010)
    __rt_lib_init_relocate_pie_1             0x08000245   Thumb Code     0  libinit2.o(.ARM.Collect$$libinit$$00000004)
    __rt_lib_init_user_alloc_1               0x08000245   Thumb Code     0  libinit2.o(.ARM.Collect$$libinit$$0000000E)
    __rt_lib_init_lc_collate_1               0x0800024b   Thumb Code     0  libinit2.o(.ARM.Collect$$libinit$$00000013)
    __rt_lib_init_lc_ctype_2                 0x0800024b   Thumb Code     0  libinit2.o(.ARM.Collect$$libinit$$00000014)
    __rt_lib_init_lc_ctype_1                 0x08000257   Thumb Code     0  libinit2.o(.ARM.Collect$$libinit$$00000015)
    __rt_lib_init_lc_monetary_1              0x08000257   Thumb Code     0  libinit2.o(.ARM.Collect$$libinit$$00000017)
    __rt_lib_init_lc_numeric_2               0x08000257   Thumb Code     0  libinit2.o(.ARM.Collect$$libinit$$00000018)
    __rt_lib_init_alloca_1                   0x08000261   Thumb Code     0  libinit2.o(.ARM.Collect$$libinit$$00000030)
    __rt_lib_init_argv_1                     0x08000261   Thumb Code     0  libinit2.o(.ARM.Collect$$libinit$$0000002E)
    __rt_lib_init_atexit_1                   0x08000261   Thumb Code     0  libinit2.o(.ARM.Collect$$libinit$$0000001D)
    __rt_lib_init_clock_1                    0x08000261   Thumb Code     0  libinit2.o(.ARM.Collect$$libinit$$00000023)
    __rt_lib_init_cpp_1                      0x08000261   Thumb Code     0  libinit2.o(.ARM.Collect$$libinit$$00000034)
    __rt_lib_init_exceptions_1               0x08000261   Thumb Code     0  libinit2.o(.ARM.Collect$$libinit$$00000032)
    __rt_lib_init_fp_trap_1                  0x08000261   Thumb Code     0  libinit2.o(.ARM.Collect$$libinit$$00000021)
    __rt_lib_init_getenv_1                   0x08000261   Thumb Code     0  libinit2.o(.ARM.Collect$$libinit$$00000025)
    __rt_lib_init_lc_numeric_1               0x08000261   Thumb Code     0  libinit2.o(.ARM.Collect$$libinit$$00000019)
    __rt_lib_init_lc_time_1                  0x08000261   Thumb Code     0  libinit2.o(.ARM.Collect$$libinit$$0000001B)
    __rt_lib_init_return                     0x08000261   Thumb Code     0  libinit2.o(.ARM.Collect$$libinit$$00000035)
    __rt_lib_init_signal_1                   0x08000261   Thumb Code     0  libinit2.o(.ARM.Collect$$libinit$$0000001F)
    __rt_lib_init_stdio_1                    0x08000261   Thumb Code     0  libinit2.o(.ARM.Collect$$libinit$$00000027)
    __rt_lib_shutdown                        0x08000263   Thumb Code     0  libshutdown.o(.ARM.Collect$$libshutdown$$00000000)
    __rt_lib_shutdown_cpp_1                  0x08000265   Thumb Code     0  libshutdown2.o(.ARM.Collect$$libshutdown$$00000002)
    __rt_lib_shutdown_fp_trap_1              0x08000265   Thumb Code     0  libshutdown2.o(.ARM.Collect$$libshutdown$$00000007)
    __rt_lib_shutdown_heap_1                 0x08000265   Thumb Code     0  libshutdown2.o(.ARM.Collect$$libshutdown$$0000000F)
    __rt_lib_shutdown_return                 0x08000265   Thumb Code     0  libshutdown2.o(.ARM.Collect$$libshutdown$$00000010)
    __rt_lib_shutdown_signal_1               0x08000265   Thumb Code     0  libshutdown2.o(.ARM.Collect$$libshutdown$$0000000A)
    __rt_lib_shutdown_stdio_1                0x08000265   Thumb Code     0  libshutdown2.o(.ARM.Collect$$libshutdown$$00000004)
    __rt_lib_shutdown_user_alloc_1           0x08000265   Thumb Code     0  libshutdown2.o(.ARM.Collect$$libshutdown$$0000000C)
    __rt_entry                               0x08000267   Thumb Code     0  __rtentry.o(.ARM.Collect$$rtentry$$00000000)
    __rt_entry_presh_1                       0x08000267   Thumb Code     0  __rtentry2.o(.ARM.Collect$$rtentry$$00000002)
    __rt_entry_sh                            0x08000267   Thumb Code     0  __rtentry4.o(.ARM.Collect$$rtentry$$00000004)
    __rt_entry_li                            0x0800026d   Thumb Code     0  __rtentry2.o(.ARM.Collect$$rtentry$$0000000A)
    __rt_entry_postsh_1                      0x0800026d   Thumb Code     0  __rtentry2.o(.ARM.Collect$$rtentry$$00000009)
    __rt_entry_main                          0x08000271   Thumb Code     0  __rtentry2.o(.ARM.Collect$$rtentry$$0000000D)
    __rt_entry_postli_1                      0x08000271   Thumb Code     0  __rtentry2.o(.ARM.Collect$$rtentry$$0000000C)
    __rt_exit                                0x08000279   Thumb Code     0  rtexit.o(.ARM.Collect$$rtexit$$00000000)
    __rt_exit_ls                             0x0800027b   Thumb Code     0  rtexit2.o(.ARM.Collect$$rtexit$$00000003)
    __rt_exit_prels_1                        0x0800027b   Thumb Code     0  rtexit2.o(.ARM.Collect$$rtexit$$00000002)
    __rt_exit_exit                           0x0800027f   Thumb Code     0  rtexit2.o(.ARM.Collect$$rtexit$$00000004)
    Reset_Handler                            0x08000285   Thumb Code     8  startup_stm32f401xc.o(.text)
    NMI_Handler                              0x0800028d   Thumb Code     2  startup_stm32f401xc.o(.text)
    HardFault_Handler                        0x0800028f   Thumb Code     2  startup_stm32f401xc.o(.text)
    MemManage_Handler                        0x08000291   Thumb Code     2  startup_stm32f401xc.o(.text)
    BusFault_Handler                         0x08000293   Thumb Code     2  startup_stm32f401xc.o(.text)
    UsageFault_Handler                       0x08000295   Thumb Code     2  startup_stm32f401xc.o(.text)
    SVC_Handler                              0x08000297   Thumb Code     2  startup_stm32f401xc.o(.text)
    DebugMon_Handler                         0x08000299   Thumb Code     2  startup_stm32f401xc.o(.text)
    PendSV_Handler                           0x0800029b   Thumb Code     2  startup_stm32f401xc.o(.text)
    SysTick_Handler                          0x0800029d   Thumb Code     2  startup_stm32f401xc.o(.text)
    ADC_IRQHandler                           0x0800029f   Thumb Code     0  startup_stm32f401xc.o(.text)
    DMA1_Stream0_IRQHandler                  0x0800029f   Thumb Code     0  startup_stm32f401xc.o(.text)
    DMA1_Stream1_IRQHandler                  0x0800029f   Thumb Code     0  startup_stm32f401xc.o(.text)
    DMA1_Stream2_IRQHandler                  0x0800029f   Thumb Code     0  startup_stm32f401xc.o(.text)
    DMA1_Stream3_IRQHandler                  0x0800029f   Thumb Code     0  startup_stm32f401xc.o(.text)
    DMA1_Stream4_IRQHandler                  0x0800029f   Thumb Code     0  startup_stm32f401xc.o(.text)
    DMA1_Stream5_IRQHandler                  0x0800029f   Thumb Code     0  startup_stm32f401xc.o(.text)
    DMA1_Stream6_IRQHandler                  0x0800029f   Thumb Code     0  startup_stm32f401xc.o(.text)
    DMA1_Stream7_IRQHandler                  0x0800029f   Thumb Code     0  startup_stm32f401xc.o(.text)
    DMA2_Stream0_IRQHandler                  0x0800029f   Thumb Code     0  startup_stm32f401xc.o(.text)
    DMA2_Stream1_IRQHandler                  0x0800029f   Thumb Code     0  startup_stm32f401xc.o(.text)
    DMA2_Stream2_IRQHandler                  0x0800029f   Thumb Code     0  startup_stm32f401xc.o(.text)
    DMA2_Stream3_IRQHandler                  0x0800029f   Thumb Code     0  startup_stm32f401xc.o(.text)
    DMA2_Stream4_IRQHandler                  0x0800029f   Thumb Code     0  startup_stm32f401xc.o(.text)
    DMA2_Stream5_IRQHandler                  0x0800029f   Thumb Code     0  startup_stm32f401xc.o(.text)
    DMA2_Stream6_IRQHandler                  0x0800029f   Thumb Code     0  startup_stm32f401xc.o(.text)
    DMA2_Stream7_IRQHandler                  0x0800029f   Thumb Code     0  startup_stm32f401xc.o(.text)
    EXTI0_IRQHandler                         0x0800029f   Thumb Code     0  startup_stm32f401xc.o(.text)
    EXTI15_10_IRQHandler                     0x0800029f   Thumb Code     0  startup_stm32f401xc.o(.text)
    EXTI1_IRQHandler                         0x0800029f   Thumb Code     0  startup_stm32f401xc.o(.text)
    EXTI2_IRQHandler                         0x0800029f   Thumb Code     0  startup_stm32f401xc.o(.text)
    EXTI3_IRQHandler                         0x0800029f   Thumb Code     0  startup_stm32f401xc.o(.text)
    EXTI4_IRQHandler                         0x0800029f   Thumb Code     0  startup_stm32f401xc.o(.text)
    EXTI9_5_IRQHandler                       0x0800029f   Thumb Code     0  startup_stm32f401xc.o(.text)
    FLASH_IRQHandler                         0x0800029f   Thumb Code     0  startup_stm32f401xc.o(.text)
    FPU_IRQHandler                           0x0800029f   Thumb Code     0  startup_stm32f401xc.o(.text)
    I2C1_ER_IRQHandler                       0x0800029f   Thumb Code     0  startup_stm32f401xc.o(.text)
    I2C1_EV_IRQHandler                       0x0800029f   Thumb Code     0  startup_stm32f401xc.o(.text)
    I2C2_ER_IRQHandler                       0x0800029f   Thumb Code     0  startup_stm32f401xc.o(.text)
    I2C2_EV_IRQHandler                       0x0800029f   Thumb Code     0  startup_stm32f401xc.o(.text)
    I2C3_ER_IRQHandler                       0x0800029f   Thumb Code     0  startup_stm32f401xc.o(.text)
    I2C3_EV_IRQHandler                       0x0800029f   Thumb Code     0  startup_stm32f401xc.o(.text)
    OTG_FS_IRQHandler                        0x0800029f   Thumb Code     0  startup_stm32f401xc.o(.text)
    OTG_FS_WKUP_IRQHandler                   0x0800029f   Thumb Code     0  startup_stm32f401xc.o(.text)
    PVD_IRQHandler                           0x0800029f   Thumb Code     0  startup_stm32f401xc.o(.text)
    RCC_IRQHandler                           0x0800029f   Thumb Code     0  startup_stm32f401xc.o(.text)
    RTC_Alarm_IRQHandler                     0x0800029f   Thumb Code     0  startup_stm32f401xc.o(.text)
    RTC_WKUP_IRQHandler                      0x0800029f   Thumb Code     0  startup_stm32f401xc.o(.text)
    SDIO_IRQHandler                          0x0800029f   Thumb Code     0  startup_stm32f401xc.o(.text)
    SPI1_IRQHandler                          0x0800029f   Thumb Code     0  startup_stm32f401xc.o(.text)
    SPI2_IRQHandler                          0x0800029f   Thumb Code     0  startup_stm32f401xc.o(.text)
    SPI3_IRQHandler                          0x0800029f   Thumb Code     0  startup_stm32f401xc.o(.text)
    SPI4_IRQHandler                          0x0800029f   Thumb Code     0  startup_stm32f401xc.o(.text)
    TAMP_STAMP_IRQHandler                    0x0800029f   Thumb Code     0  startup_stm32f401xc.o(.text)
    TIM1_CC_IRQHandler                       0x0800029f   Thumb Code     0  startup_stm32f401xc.o(.text)
    TIM1_TRG_COM_TIM11_IRQHandler            0x0800029f   Thumb Code     0  startup_stm32f401xc.o(.text)
    TIM2_IRQHandler                          0x0800029f   Thumb Code     0  startup_stm32f401xc.o(.text)
    TIM3_IRQHandler                          0x0800029f   Thumb Code     0  startup_stm32f401xc.o(.text)
    TIM4_IRQHandler                          0x0800029f   Thumb Code     0  startup_stm32f401xc.o(.text)
    TIM5_IRQHandler                          0x0800029f   Thumb Code     0  startup_stm32f401xc.o(.text)
    USART1_IRQHandler                        0x0800029f   Thumb Code     0  startup_stm32f401xc.o(.text)
    USART6_IRQHandler                        0x0800029f   Thumb Code     0  startup_stm32f401xc.o(.text)
    WWDG_IRQHandler                          0x0800029f   Thumb Code     0  startup_stm32f401xc.o(.text)
    __user_initial_stackheap                 0x080002a1   Thumb Code     0  startup_stm32f401xc.o(.text)
    __2printf                                0x080002c5   Thumb Code    20  noretval__2printf.o(.text)
    __printf                                 0x080002dd   Thumb Code   270  __printf_wp.o(.text)
    __0sscanf                                0x080003ed   Thumb Code    52  __0sscanf.o(.text)
    _scanf_int                               0x08000429   Thumb Code   332  _scanf_int.o(.text)
    __use_two_region_memory                  0x08000575   Thumb Code     2  heapauxi.o(.text)
    __rt_heap_escrow$2region                 0x08000577   Thumb Code     2  heapauxi.o(.text)
    __rt_heap_expand$2region                 0x08000579   Thumb Code     2  heapauxi.o(.text)
    _printf_fp_dec_real                      0x0800072b   Thumb Code   620  _printf_fp_dec.o(.text)
    _printf_char_file                        0x08000999   Thumb Code    32  _printf_char_file.o(.text)
    _chval                                   0x080009bd   Thumb Code    28  _chval.o(.text)
    __vfscanf_char                           0x080009e5   Thumb Code    24  scanf_char.o(.text)
    _sgetc                                   0x08000a05   Thumb Code    30  _sgetc.o(.text)
    _sbackspace                              0x08000a23   Thumb Code    34  _sgetc.o(.text)
    __rt_locale                              0x08000a45   Thumb Code     8  rt_locale_intlibspace.o(.text)
    _ll_udiv10                               0x08000a4d   Thumb Code   138  lludiv10.o(.text)
    isspace                                  0x08000ad7   Thumb Code    18  isspace.o(.text)
    _printf_char_common                      0x08000af3   Thumb Code    32  _printf_char_common.o(.text)
    _printf_fp_infnan                        0x08000b19   Thumb Code   112  _printf_fp_infnan.o(.text)
    __vfscanf                                0x08000b99   Thumb Code   878  _scanf.o(.text)
    _btod_etento                             0x08000f0d   Thumb Code   224  bigflt0.o(.text)
    ferror                                   0x08000ff1   Thumb Code     8  ferror.o(.text)
    __user_libspace                          0x08000ff9   Thumb Code     8  libspace.o(.text)
    __user_perproc_libspace                  0x08000ff9   Thumb Code     0  libspace.o(.text)
    __user_perthread_libspace                0x08000ff9   Thumb Code     0  libspace.o(.text)
    __user_setup_stackheap                   0x08001001   Thumb Code    74  sys_stackheap_outer.o(.text)
    __rt_ctype_table                         0x0800104d   Thumb Code    16  rt_ctype_table.o(.text)
    exit                                     0x0800105d   Thumb Code    18  exit.o(.text)
    strcmp                                   0x08001071   Thumb Code   124  strcmpv7em.o(.text)
    _sys_exit                                0x080010ed   Thumb Code     8  sys_exit.o(.text)
    __I$use$semihosting                      0x080010f9   Thumb Code     0  use_no_semi.o(.text)
    __use_no_semihosting_swi                 0x080010f9   Thumb Code     2  use_no_semi.o(.text)
    __semihosting_library_function           0x080010fb   Thumb Code     0  indicate_semi.o(.text)
    PID_Current1                             0x080010fd   Thumb Code   196  calculation.o(.text.PID_Current1)
    PID_Current2                             0x080011c5   Thumb Code   196  calculation.o(.text.PID_Current2)
    PID_Current3                             0x0800128d   Thumb Code   196  calculation.o(.text.PID_Current3)
    SystemInit                               0x08001355   Thumb Code    18  system_stm32f4xx.o(.text.SystemInit)
    TIM1_BRK_TIM9_IRQHandler                 0x08001369   Thumb Code   856  sample_time.o(.text.TIM1_BRK_TIM9_IRQHandler)
    TIM1_UP_TIM10_IRQHandler                 0x08001729   Thumb Code  1548  main.o(.text.TIM1_UP_TIM10_IRQHandler)
    USART2_IRQHandler                        0x08001d5d   Thumb Code    84  main.o(.text.USART2_IRQHandler)
    adc_init                                 0x08001dbd   Thumb Code   168  adc.o(.text.adc_init)
    adc_start                                0x08001e65   Thumb Code   116  adc.o(.text.adc_start)
    convert_angles                           0x08001ed9   Thumb Code    96  calculation.o(.text.convert_angles)
    fputc                                    0x08001f51   Thumb Code    20  main.o(.text.fputc)
    main                                     0x08001f65   Thumb Code    44  main.o(.text.main)
    pwm_set_all                              0x08001f91   Thumb Code   152  hbridge.o(.text.pwm_set_all)
    pwm_start                                0x08002031   Thumb Code   228  hbridge.o(.text.pwm_start)
    timer10_init                             0x08002115   Thumb Code    68  sample_time.o(.text.timer10_init)
    timer9_start                             0x08002159   Thumb Code    66  sample_time.o(.text.timer9_start)
    timer_encoder_start                      0x0800219d   Thumb Code   808  encoder.o(.text.timer_encoder_start)
    usart_start                              0x080024c5   Thumb Code   112  usart.o(.text.usart_start)
    _btod_d2e                                0x08002535   Thumb Code    62  btod.o(CL$$btod_d2e)
    _d2e_denorm_low                          0x08002573   Thumb Code    70  btod.o(CL$$btod_d2e_denorm_low)
    _d2e_norm_op1                            0x080025b9   Thumb Code    96  btod.o(CL$$btod_d2e_norm_op1)
    __btod_div_common                        0x08002619   Thumb Code   696  btod.o(CL$$btod_div_common)
    _e2e                                     0x08002951   Thumb Code   220  btod.o(CL$$btod_e2e)
    _btod_ediv                               0x08002a2d   Thumb Code    42  btod.o(CL$$btod_ediv)
    _btod_emul                               0x08002a57   Thumb Code    42  btod.o(CL$$btod_emul)
    __btod_mult_common                       0x08002a81   Thumb Code   580  btod.o(CL$$btod_mult_common)
    __ARM_fpclassify                         0x08002cc5   Thumb Code    48  fpclassify.o(i.__ARM_fpclassify)
    _is_digit                                0x08002cf5   Thumb Code    14  __printf_wp.o(i._is_digit)
    _get_lc_numeric                          0x08002d05   Thumb Code    44  lc_numeric_c.o(locale$$code)
    _get_lc_ctype                            0x08002d31   Thumb Code    44  lc_ctype_c.o(locale$$code)
    __aeabi_d2f                              0x08002d5d   Thumb Code     0  d2f.o(x$fpl$d2f)
    _d2f                                     0x08002d5d   Thumb Code    98  d2f.o(x$fpl$d2f)
    __aeabi_dadd                             0x08002dc1   Thumb Code     0  daddsub_clz.o(x$fpl$dadd)
    _dadd                                    0x08002dc1   Thumb Code   332  daddsub_clz.o(x$fpl$dadd)
    __fpl_dcmp_Inf                           0x08002f11   Thumb Code    24  dcmpi.o(x$fpl$dcmpinf)
    __aeabi_ddiv                             0x08002f29   Thumb Code     0  ddiv.o(x$fpl$ddiv)
    _ddiv                                    0x08002f29   Thumb Code   556  ddiv.o(x$fpl$ddiv)
    __aeabi_cdcmpeq                          0x080031dd   Thumb Code     0  deqf.o(x$fpl$deqf)
    _dcmpeq                                  0x080031dd   Thumb Code   120  deqf.o(x$fpl$deqf)
    __aeabi_d2iz                             0x08003255   Thumb Code     0  dfix.o(x$fpl$dfix)
    _dfix                                    0x08003255   Thumb Code    94  dfix.o(x$fpl$dfix)
    __aeabi_i2d                              0x080032b3   Thumb Code     0  dflt_clz.o(x$fpl$dflt)
    _dflt                                    0x080032b3   Thumb Code    46  dflt_clz.o(x$fpl$dflt)
    __aeabi_ui2d                             0x080032e1   Thumb Code     0  dflt_clz.o(x$fpl$dfltu)
    _dfltu                                   0x080032e1   Thumb Code    38  dflt_clz.o(x$fpl$dfltu)
    __aeabi_cdcmpge                          0x08003309   Thumb Code     0  dgeqf.o(x$fpl$dgeqf)
    _dcmpge                                  0x08003309   Thumb Code   120  dgeqf.o(x$fpl$dgeqf)
    __aeabi_cdcmple                          0x08003381   Thumb Code     0  dleqf.o(x$fpl$dleqf)
    _dcmple                                  0x08003381   Thumb Code   120  dleqf.o(x$fpl$dleqf)
    __fpl_dcmple_InfNaN                      0x080033e3   Thumb Code     0  dleqf.o(x$fpl$dleqf)
    __aeabi_dmul                             0x080033f9   Thumb Code     0  dmul.o(x$fpl$dmul)
    _dmul                                    0x080033f9   Thumb Code   332  dmul.o(x$fpl$dmul)
    __fpl_dnaninf                            0x0800354d   Thumb Code   156  dnaninf.o(x$fpl$dnaninf)
    __fpl_dretinf                            0x080035e9   Thumb Code    12  dretinf.o(x$fpl$dretinf)
    __aeabi_dsub                             0x080035f5   Thumb Code     0  daddsub_clz.o(x$fpl$dsub)
    _dsub                                    0x080035f5   Thumb Code   472  daddsub_clz.o(x$fpl$dsub)
    __aeabi_f2d                              0x080037d1   Thumb Code     0  f2d.o(x$fpl$f2d)
    _f2d                                     0x080037d1   Thumb Code    86  f2d.o(x$fpl$f2d)
    __aeabi_dcmpeq                           0x08003827   Thumb Code     0  dcmp.o(x$fpl$fcmp)
    _deq                                     0x08003827   Thumb Code    14  dcmp.o(x$fpl$fcmp)
    _dneq                                    0x08003835   Thumb Code    14  dcmp.o(x$fpl$fcmp)
    __aeabi_dcmpgt                           0x08003843   Thumb Code     0  dcmp.o(x$fpl$fcmp)
    _dgr                                     0x08003843   Thumb Code    14  dcmp.o(x$fpl$fcmp)
    __aeabi_dcmpge                           0x08003851   Thumb Code     0  dcmp.o(x$fpl$fcmp)
    _dgeq                                    0x08003851   Thumb Code    14  dcmp.o(x$fpl$fcmp)
    __aeabi_dcmple                           0x0800385f   Thumb Code     0  dcmp.o(x$fpl$fcmp)
    _dleq                                    0x0800385f   Thumb Code    14  dcmp.o(x$fpl$fcmp)
    __aeabi_dcmplt                           0x0800386d   Thumb Code     0  dcmp.o(x$fpl$fcmp)
    _dls                                     0x0800386d   Thumb Code    14  dcmp.o(x$fpl$fcmp)
    __fpl_fnaninf                            0x0800387b   Thumb Code   140  fnaninf.o(x$fpl$fnaninf)
    _fp_init                                 0x08003907   Thumb Code    26  fpinit.o(x$fpl$fpinit)
    __fplib_config_fpu_vfp                   0x0800391f   Thumb Code     0  fpinit.o(x$fpl$fpinit)
    __fplib_config_pureend_doubles           0x0800391f   Thumb Code     0  fpinit.o(x$fpl$fpinit)
    __fpl_fretinf                            0x08003921   Thumb Code    10  fretinf.o(x$fpl$fretinf)
    _printf_fp_dec                           0x0800392b   Thumb Code     4  printf1.o(x$fpl$printf1)
    __I$use$fp                               0x0800392e   Number         0  usenofp.o(x$fpl$usenofp)
    Region$$Table$$Base                      0x080039c4   Number         0  anon$$obj.o(Region$$Table)
    Region$$Table$$Limit                     0x080039e4   Number         0  anon$$obj.o(Region$$Table)
    __ctype                                  0x08003a0d   Data           0  lc_ctype_c.o(locale$$data)
    KI1                                      0x20000000   Data           4  var.o(.data.KI1)
    KI2                                      0x20000004   Data           4  var.o(.data.KI2)
    KI3                                      0x20000008   Data           4  var.o(.data.KI3)
    KP1                                      0x2000000c   Data           4  var.o(.data.KP1)
    KP2                                      0x20000010   Data           4  var.o(.data.KP2)
    KP3                                      0x20000014   Data           4  var.o(.data.KP3)
    TS1                                      0x20000018   Data           4  var.o(.data.TS1)
    TS2                                      0x2000001c   Data           4  var.o(.data.TS2)
    TS3                                      0x20000020   Data           4  var.o(.data.TS3)
    angle_value                              0x20000024   Data          12  var.o(.data.angle_value)
    direction                                0x20000030   Data           3  var.o(.data.direction)
    __libspace_start                         0x20000038   Data          96  libspace.o(.bss)
    ALPHA1                                   0x20000098   Data           4  var.o(.bss.ALPHA1)
    __temporary_stack_top$libspace           0x20000098   Data           0  libspace.o(.bss)
    ALPHA2                                   0x2000009c   Data           4  var.o(.bss.ALPHA2)
    ALPHA3                                   0x200000a0   Data           4  var.o(.bss.ALPHA3)
    KD1                                      0x200000a4   Data           4  var.o(.bss.KD1)
    KD2                                      0x200000a8   Data           4  var.o(.bss.KD2)
    KD3                                      0x200000ac   Data           4  var.o(.bss.KD3)
    __stdout                                 0x200000d4   Data           4  main.o(.bss.__stdout)
    analog_array                             0x200000d8   Data        4000  var.o(.bss.analog_array)
    analog_array_1                           0x20001078   Data        4000  var.o(.bss.analog_array_1)
    analog_array_2                           0x20002018   Data        4000  var.o(.bss.analog_array_2)
    analog_average                           0x20002fb8   Data           4  var.o(.bss.analog_average)
    analog_average_1                         0x20002fbc   Data           4  var.o(.bss.analog_average_1)
    analog_average_2                         0x20002fc0   Data           4  var.o(.bss.analog_average_2)
    analog_index                             0x20002fc4   Data           4  var.o(.bss.analog_index)
    analog_rx                                0x20002fc8   Data           6  var.o(.bss.analog_rx)
    analog_sum                               0x20002fd0   Data           4  var.o(.bss.analog_sum)
    analog_sum_1                             0x20002fd4   Data           4  var.o(.bss.analog_sum_1)
    analog_sum_2                             0x20002fd8   Data           4  var.o(.bss.analog_sum_2)
    current1_array                           0x20002fdc   Data        2000  var.o(.bss.current1_array)
    current1_sum                             0x200037ac   Data           4  var.o(.bss.current1_sum)
    current2_array                           0x200037b0   Data        2000  var.o(.bss.current2_array)
    current2_sum                             0x20003f80   Data           4  var.o(.bss.current2_sum)
    current3_array                           0x20003f84   Data        2000  var.o(.bss.current3_array)
    current3_sum                             0x20004754   Data           4  var.o(.bss.current3_sum)
    current_index                            0x20004758   Data           4  var.o(.bss.current_index)
    current_mA                               0x2000475c   Data          12  var.o(.bss.current_mA)
    encoder                                  0x20004768   Data           6  var.o(.bss.encoder)
    pwm                                      0x2000476e   Data           6  var.o(.bss.pwm)
    raw_current                              0x20004774   Data          12  var.o(.bss.raw_current)
    rx_buffer                                0x20004780   Data          15  var.o(.bss.rx_buffer)
    rx_current                               0x20004790   Data          12  var.o(.bss.rx_current)
    rx_index                                 0x2000479c   Data           4  var.o(.bss.rx_index)
    tim_flag                                 0x200047a0   Data           4  var.o(.bss.tim_flag)
    vol_calib                                0x200047a4   Data          12  var.o(.bss.vol_calib)



==============================================================================

Memory Map of the image

  Image Entry point : 0x08000195

  Load Region LR_IROM1 (Base: 0x08000000, Size: 0x00003b48, Max: 0x00040000, ABSOLUTE)

    Execution Region ER_IROM1 (Exec base: 0x08000000, Load base: 0x08000000, Size: 0x00003b10, Max: 0x00040000, ABSOLUTE)

    Exec Addr    Load Addr    Size         Type   Attr      Idx    E Section Name        Object

    0x08000000   0x08000000   0x00000194   Data   RO          212    RESET               startup_stm32f401xc.o
    0x08000194   0x08000194   0x00000008   Code   RO          270  * !!!main             c_w.l(__main.o)
    0x0800019c   0x0800019c   0x0000005c   Code   RO          561    !!!scatter          c_w.l(__scatter.o)
    0x080001f8   0x080001f8   0x0000001a   Code   RO          565    !!handler_copy      c_w.l(__scatter_copy.o)
    0x08000212   0x08000212   0x00000002   PAD
    0x08000214   0x08000214   0x00000002   Code   RO          562    !!handler_null      c_w.l(__scatter.o)
    0x08000216   0x08000216   0x00000002   PAD
    0x08000218   0x08000218   0x0000001c   Code   RO          567    !!handler_zi        c_w.l(__scatter_zi.o)
    0x08000234   0x08000234   0x00000000   Code   RO          263    .ARM.Collect$$_printf_percent$$00000000  c_w.l(_printf_percent.o)
    0x08000234   0x08000234   0x00000006   Code   RO          262    .ARM.Collect$$_printf_percent$$00000003  c_w.l(_printf_f.o)
    0x0800023a   0x0800023a   0x00000004   Code   RO          309    .ARM.Collect$$_printf_percent$$00000017  c_w.l(_printf_percent_end.o)
    0x0800023e   0x0800023e   0x00000002   Code   RO          421    .ARM.Collect$$libinit$$00000000  c_w.l(libinit.o)
    0x08000240   0x08000240   0x00000004   Code   RO          422    .ARM.Collect$$libinit$$00000001  c_w.l(libinit2.o)
    0x08000244   0x08000244   0x00000000   Code   RO          425    .ARM.Collect$$libinit$$00000004  c_w.l(libinit2.o)
    0x08000244   0x08000244   0x00000000   Code   RO          427    .ARM.Collect$$libinit$$00000006  c_w.l(libinit2.o)
    0x08000244   0x08000244   0x00000000   Code   RO          430    .ARM.Collect$$libinit$$0000000C  c_w.l(libinit2.o)
    0x08000244   0x08000244   0x00000000   Code   RO          432    .ARM.Collect$$libinit$$0000000E  c_w.l(libinit2.o)
    0x08000244   0x08000244   0x00000000   Code   RO          434    .ARM.Collect$$libinit$$00000010  c_w.l(libinit2.o)
    0x08000244   0x08000244   0x00000006   Code   RO          435    .ARM.Collect$$libinit$$00000011  c_w.l(libinit2.o)
    0x0800024a   0x0800024a   0x00000000   Code   RO          437    .ARM.Collect$$libinit$$00000013  c_w.l(libinit2.o)
    0x0800024a   0x0800024a   0x0000000c   Code   RO          438    .ARM.Collect$$libinit$$00000014  c_w.l(libinit2.o)
    0x08000256   0x08000256   0x00000000   Code   RO          439    .ARM.Collect$$libinit$$00000015  c_w.l(libinit2.o)
    0x08000256   0x08000256   0x00000000   Code   RO          441    .ARM.Collect$$libinit$$00000017  c_w.l(libinit2.o)
    0x08000256   0x08000256   0x0000000a   Code   RO          442    .ARM.Collect$$libinit$$00000018  c_w.l(libinit2.o)
    0x08000260   0x08000260   0x00000000   Code   RO          443    .ARM.Collect$$libinit$$00000019  c_w.l(libinit2.o)
    0x08000260   0x08000260   0x00000000   Code   RO          445    .ARM.Collect$$libinit$$0000001B  c_w.l(libinit2.o)
    0x08000260   0x08000260   0x00000000   Code   RO          447    .ARM.Collect$$libinit$$0000001D  c_w.l(libinit2.o)
    0x08000260   0x08000260   0x00000000   Code   RO          449    .ARM.Collect$$libinit$$0000001F  c_w.l(libinit2.o)
    0x08000260   0x08000260   0x00000000   Code   RO          451    .ARM.Collect$$libinit$$00000021  c_w.l(libinit2.o)
    0x08000260   0x08000260   0x00000000   Code   RO          453    .ARM.Collect$$libinit$$00000023  c_w.l(libinit2.o)
    0x08000260   0x08000260   0x00000000   Code   RO          455    .ARM.Collect$$libinit$$00000025  c_w.l(libinit2.o)
    0x08000260   0x08000260   0x00000000   Code   RO          457    .ARM.Collect$$libinit$$00000027  c_w.l(libinit2.o)
    0x08000260   0x08000260   0x00000000   Code   RO          461    .ARM.Collect$$libinit$$0000002E  c_w.l(libinit2.o)
    0x08000260   0x08000260   0x00000000   Code   RO          463    .ARM.Collect$$libinit$$00000030  c_w.l(libinit2.o)
    0x08000260   0x08000260   0x00000000   Code   RO          465    .ARM.Collect$$libinit$$00000032  c_w.l(libinit2.o)
    0x08000260   0x08000260   0x00000000   Code   RO          467    .ARM.Collect$$libinit$$00000034  c_w.l(libinit2.o)
    0x08000260   0x08000260   0x00000002   Code   RO          468    .ARM.Collect$$libinit$$00000035  c_w.l(libinit2.o)
    0x08000262   0x08000262   0x00000002   Code   RO          507    .ARM.Collect$$libshutdown$$00000000  c_w.l(libshutdown.o)
    0x08000264   0x08000264   0x00000000   Code   RO          518    .ARM.Collect$$libshutdown$$00000002  c_w.l(libshutdown2.o)
    0x08000264   0x08000264   0x00000000   Code   RO          520    .ARM.Collect$$libshutdown$$00000004  c_w.l(libshutdown2.o)
    0x08000264   0x08000264   0x00000000   Code   RO          523    .ARM.Collect$$libshutdown$$00000007  c_w.l(libshutdown2.o)
    0x08000264   0x08000264   0x00000000   Code   RO          526    .ARM.Collect$$libshutdown$$0000000A  c_w.l(libshutdown2.o)
    0x08000264   0x08000264   0x00000000   Code   RO          528    .ARM.Collect$$libshutdown$$0000000C  c_w.l(libshutdown2.o)
    0x08000264   0x08000264   0x00000000   Code   RO          531    .ARM.Collect$$libshutdown$$0000000F  c_w.l(libshutdown2.o)
    0x08000264   0x08000264   0x00000002   Code   RO          532    .ARM.Collect$$libshutdown$$00000010  c_w.l(libshutdown2.o)
    0x08000266   0x08000266   0x00000000   Code   RO          302    .ARM.Collect$$rtentry$$00000000  c_w.l(__rtentry.o)
    0x08000266   0x08000266   0x00000000   Code   RO          332    .ARM.Collect$$rtentry$$00000002  c_w.l(__rtentry2.o)
    0x08000266   0x08000266   0x00000006   Code   RO          344    .ARM.Collect$$rtentry$$00000004  c_w.l(__rtentry4.o)
    0x0800026c   0x0800026c   0x00000000   Code   RO          334    .ARM.Collect$$rtentry$$00000009  c_w.l(__rtentry2.o)
    0x0800026c   0x0800026c   0x00000004   Code   RO          335    .ARM.Collect$$rtentry$$0000000A  c_w.l(__rtentry2.o)
    0x08000270   0x08000270   0x00000000   Code   RO          337    .ARM.Collect$$rtentry$$0000000C  c_w.l(__rtentry2.o)
    0x08000270   0x08000270   0x00000008   Code   RO          338    .ARM.Collect$$rtentry$$0000000D  c_w.l(__rtentry2.o)
    0x08000278   0x08000278   0x00000002   Code   RO          469    .ARM.Collect$$rtexit$$00000000  c_w.l(rtexit.o)
    0x0800027a   0x0800027a   0x00000000   Code   RO          481    .ARM.Collect$$rtexit$$00000002  c_w.l(rtexit2.o)
    0x0800027a   0x0800027a   0x00000004   Code   RO          482    .ARM.Collect$$rtexit$$00000003  c_w.l(rtexit2.o)
    0x0800027e   0x0800027e   0x00000006   Code   RO          483    .ARM.Collect$$rtexit$$00000004  c_w.l(rtexit2.o)
    0x08000284   0x08000284   0x00000040   Code   RO          213    .text               startup_stm32f401xc.o
    0x080002c4   0x080002c4   0x00000018   Code   RO          238    .text               c_w.l(noretval__2printf.o)
    0x080002dc   0x080002dc   0x0000010e   Code   RO          250    .text               c_w.l(__printf_wp.o)
    0x080003ea   0x080003ea   0x00000002   PAD
    0x080003ec   0x080003ec   0x0000003c   Code   RO          264    .text               c_w.l(__0sscanf.o)
    0x08000428   0x08000428   0x0000014c   Code   RO          266    .text               c_w.l(_scanf_int.o)
    0x08000574   0x08000574   0x00000006   Code   RO          268    .text               c_w.l(heapauxi.o)
    0x0800057a   0x0800057a   0x0000041c   Code   RO          303    .text               c_w.l(_printf_fp_dec.o)
    0x08000996   0x08000996   0x00000002   PAD
    0x08000998   0x08000998   0x00000024   Code   RO          307    .text               c_w.l(_printf_char_file.o)
    0x080009bc   0x080009bc   0x0000001c   Code   RO          310    .text               c_w.l(_chval.o)
    0x080009d8   0x080009d8   0x0000002c   Code   RO          312    .text               c_w.l(scanf_char.o)
    0x08000a04   0x08000a04   0x00000040   Code   RO          314    .text               c_w.l(_sgetc.o)
    0x08000a44   0x08000a44   0x00000008   Code   RO          349    .text               c_w.l(rt_locale_intlibspace.o)
    0x08000a4c   0x08000a4c   0x0000008a   Code   RO          351    .text               c_w.l(lludiv10.o)
    0x08000ad6   0x08000ad6   0x00000012   Code   RO          353    .text               c_w.l(isspace.o)
    0x08000ae8   0x08000ae8   0x00000030   Code   RO          355    .text               c_w.l(_printf_char_common.o)
    0x08000b18   0x08000b18   0x00000080   Code   RO          357    .text               c_w.l(_printf_fp_infnan.o)
    0x08000b98   0x08000b98   0x00000374   Code   RO          359    .text               c_w.l(_scanf.o)
    0x08000f0c   0x08000f0c   0x000000e4   Code   RO          361    .text               c_w.l(bigflt0.o)
    0x08000ff0   0x08000ff0   0x00000008   Code   RO          388    .text               c_w.l(ferror.o)
    0x08000ff8   0x08000ff8   0x00000008   Code   RO          401    .text               c_w.l(libspace.o)
    0x08001000   0x08001000   0x0000004a   Code   RO          404    .text               c_w.l(sys_stackheap_outer.o)
    0x0800104a   0x0800104a   0x00000002   PAD
    0x0800104c   0x0800104c   0x00000010   Code   RO          406    .text               c_w.l(rt_ctype_table.o)
    0x0800105c   0x0800105c   0x00000012   Code   RO          412    .text               c_w.l(exit.o)
    0x0800106e   0x0800106e   0x00000002   PAD
    0x08001070   0x08001070   0x0000007c   Code   RO          414    .text               c_w.l(strcmpv7em.o)
    0x080010ec   0x080010ec   0x0000000c   Code   RO          493    .text               c_w.l(sys_exit.o)
    0x080010f8   0x080010f8   0x00000002   Code   RO          508    .text               c_w.l(use_no_semi.o)
    0x080010fa   0x080010fa   0x00000000   Code   RO          510    .text               c_w.l(indicate_semi.o)
    0x080010fa   0x080010fa   0x00000002   PAD
    0x080010fc   0x080010fc   0x000000c8   Code   RO          188    .text.PID_Current1  calculation.o
    0x080011c4   0x080011c4   0x000000c8   Code   RO          190    .text.PID_Current2  calculation.o
    0x0800128c   0x0800128c   0x000000c8   Code   RO          192    .text.PID_Current3  calculation.o
    0x08001354   0x08001354   0x00000012   Code   RO          220    .text.SystemInit    system_stm32f4xx.o
    0x08001366   0x08001366   0x00000002   PAD
    0x08001368   0x08001368   0x000003bc   Code   RO          157    .text.TIM1_BRK_TIM9_IRQHandler  sample_time.o
    0x08001724   0x08001724   0x00000004   PAD
    0x08001728   0x08001728   0x00000634   Code   RO            6    .text.TIM1_UP_TIM10_IRQHandler  main.o
    0x08001d5c   0x08001d5c   0x00000060   Code   RO            8    .text.USART2_IRQHandler  main.o
    0x08001dbc   0x08001dbc   0x000000a8   Code   RO          166    .text.adc_init      adc.o
    0x08001e64   0x08001e64   0x00000074   Code   RO          174    .text.adc_start     adc.o
    0x08001ed8   0x08001ed8   0x00000078   Code   RO          184    .text.convert_angles  calculation.o
    0x08001f50   0x08001f50   0x00000014   Code   RO            2    .text.fputc         main.o
    0x08001f64   0x08001f64   0x0000002c   Code   RO            4    .text.main          main.o
    0x08001f90   0x08001f90   0x000000a0   Code   RO          135    .text.pwm_set_all   hbridge.o
    0x08002030   0x08002030   0x000000e4   Code   RO          121    .text.pwm_start     hbridge.o
    0x08002114   0x08002114   0x00000044   Code   RO          145    .text.timer10_init  sample_time.o
    0x08002158   0x08002158   0x00000042   Code   RO          155    .text.timer9_start  sample_time.o
    0x0800219a   0x0800219a   0x00000002   PAD
    0x0800219c   0x0800219c   0x00000328   Code   RO           32    .text.timer_encoder_start  encoder.o
    0x080024c4   0x080024c4   0x00000070   Code   RO           46    .text.usart_start   usart.o
    0x08002534   0x08002534   0x0000003e   Code   RO          364    CL$$btod_d2e        c_w.l(btod.o)
    0x08002572   0x08002572   0x00000046   Code   RO          366    CL$$btod_d2e_denorm_low  c_w.l(btod.o)
    0x080025b8   0x080025b8   0x00000060   Code   RO          365    CL$$btod_d2e_norm_op1  c_w.l(btod.o)
    0x08002618   0x08002618   0x00000338   Code   RO          374    CL$$btod_div_common  c_w.l(btod.o)
    0x08002950   0x08002950   0x000000dc   Code   RO          371    CL$$btod_e2e        c_w.l(btod.o)
    0x08002a2c   0x08002a2c   0x0000002a   Code   RO          368    CL$$btod_ediv       c_w.l(btod.o)
    0x08002a56   0x08002a56   0x0000002a   Code   RO          367    CL$$btod_emul       c_w.l(btod.o)
    0x08002a80   0x08002a80   0x00000244   Code   RO          373    CL$$btod_mult_common  c_w.l(btod.o)
    0x08002cc4   0x08002cc4   0x00000030   Code   RO          399    i.__ARM_fpclassify  m_wm.l(fpclassify.o)
    0x08002cf4   0x08002cf4   0x0000000e   Code   RO          252    i._is_digit         c_w.l(__printf_wp.o)
    0x08002d02   0x08002d02   0x00000002   PAD
    0x08002d04   0x08002d04   0x0000002c   Code   RO          393    locale$$code        c_w.l(lc_numeric_c.o)
    0x08002d30   0x08002d30   0x0000002c   Code   RO          474    locale$$code        c_w.l(lc_ctype_c.o)
    0x08002d5c   0x08002d5c   0x00000062   Code   RO          272    x$fpl$d2f           fz_wm.l(d2f.o)
    0x08002dbe   0x08002dbe   0x00000002   PAD
    0x08002dc0   0x08002dc0   0x00000150   Code   RO          274    x$fpl$dadd          fz_wm.l(daddsub_clz.o)
    0x08002f10   0x08002f10   0x00000018   Code   RO          395    x$fpl$dcmpinf       fz_wm.l(dcmpi.o)
    0x08002f28   0x08002f28   0x000002b4   Code   RO          283    x$fpl$ddiv          fz_wm.l(ddiv.o)
    0x080031dc   0x080031dc   0x00000078   Code   RO          316    x$fpl$deqf          fz_wm.l(deqf.o)
    0x08003254   0x08003254   0x0000005e   Code   RO          286    x$fpl$dfix          fz_wm.l(dfix.o)
    0x080032b2   0x080032b2   0x0000002e   Code   RO          291    x$fpl$dflt          fz_wm.l(dflt_clz.o)
    0x080032e0   0x080032e0   0x00000026   Code   RO          290    x$fpl$dfltu         fz_wm.l(dflt_clz.o)
    0x08003306   0x08003306   0x00000002   PAD
    0x08003308   0x08003308   0x00000078   Code   RO          318    x$fpl$dgeqf         fz_wm.l(dgeqf.o)
    0x08003380   0x08003380   0x00000078   Code   RO          320    x$fpl$dleqf         fz_wm.l(dleqf.o)
    0x080033f8   0x080033f8   0x00000154   Code   RO          296    x$fpl$dmul          fz_wm.l(dmul.o)
    0x0800354c   0x0800354c   0x0000009c   Code   RO          322    x$fpl$dnaninf       fz_wm.l(dnaninf.o)
    0x080035e8   0x080035e8   0x0000000c   Code   RO          324    x$fpl$dretinf       fz_wm.l(dretinf.o)
    0x080035f4   0x080035f4   0x000001dc   Code   RO          276    x$fpl$dsub          fz_wm.l(daddsub_clz.o)
    0x080037d0   0x080037d0   0x00000056   Code   RO          298    x$fpl$f2d           fz_wm.l(f2d.o)
    0x08003826   0x08003826   0x00000054   Code   RO          280    x$fpl$fcmp          fz_wm.l(dcmp.o)
    0x0800387a   0x0800387a   0x0000008c   Code   RO          326    x$fpl$fnaninf       fz_wm.l(fnaninf.o)
    0x08003906   0x08003906   0x0000001a   Code   RO          478    x$fpl$fpinit        fz_wm.l(fpinit.o)
    0x08003920   0x08003920   0x0000000a   Code   RO          328    x$fpl$fretinf       fz_wm.l(fretinf.o)
    0x0800392a   0x0800392a   0x00000004   Code   RO          300    x$fpl$printf1       fz_wm.l(printf1.o)
    0x0800392e   0x0800392e   0x00000000   Code   RO          330    x$fpl$usenofp       fz_wm.l(usenofp.o)
    0x0800392e   0x0800392e   0x00000002   PAD
    0x08003930   0x08003930   0x00000094   Data   RO          362    .constdata          c_w.l(bigflt0.o)
    0x080039c4   0x080039c4   0x00000020   Data   RO          560    Region$$Table       anon$$obj.o
    0x080039e4   0x080039e4   0x0000001c   Data   RO          392    locale$$data        c_w.l(lc_numeric_c.o)
    0x08003a00   0x08003a00   0x00000110   Data   RO          473    locale$$data        c_w.l(lc_ctype_c.o)


    Execution Region RW_IRAM1 (Exec base: 0x20000000, Load base: 0x08003b10, Size: 0x00004db0, Max: 0x00010000, ABSOLUTE)

    Exec Addr    Load Addr    Size         Type   Attr      Idx    E Section Name        Object

    0x20000000   0x08003b10   0x00000004   Data   RW           72    .data.KI1           var.o
    0x20000004   0x08003b14   0x00000004   Data   RW           77    .data.KI2           var.o
    0x20000008   0x08003b18   0x00000004   Data   RW           82    .data.KI3           var.o
    0x2000000c   0x08003b1c   0x00000004   Data   RW           71    .data.KP1           var.o
    0x20000010   0x08003b20   0x00000004   Data   RW           76    .data.KP2           var.o
    0x20000014   0x08003b24   0x00000004   Data   RW           81    .data.KP3           var.o
    0x20000018   0x08003b28   0x00000004   Data   RW           74    .data.TS1           var.o
    0x2000001c   0x08003b2c   0x00000004   Data   RW           79    .data.TS2           var.o
    0x20000020   0x08003b30   0x00000004   Data   RW           84    .data.TS3           var.o
    0x20000024   0x08003b34   0x0000000c   Data   RW           57    .data.angle_value   var.o
    0x20000030   0x08003b40   0x00000003   Data   RW           70    .data.direction     var.o
    0x20000033   0x08003b43   0x00000005   PAD
    0x20000038        -       0x00000060   Zero   RW          402    .bss                c_w.l(libspace.o)
    0x20000098        -       0x00000004   Zero   RW           75    .bss.ALPHA1         var.o
    0x2000009c        -       0x00000004   Zero   RW           80    .bss.ALPHA2         var.o
    0x200000a0        -       0x00000004   Zero   RW           85    .bss.ALPHA3         var.o
    0x200000a4        -       0x00000004   Zero   RW           73    .bss.KD1            var.o
    0x200000a8        -       0x00000004   Zero   RW           78    .bss.KD2            var.o
    0x200000ac        -       0x00000004   Zero   RW           83    .bss.KD3            var.o
    0x200000b0        -       0x00000004   Zero   RW          194    .bss.PID_Current1.err_p  calculation.o
    0x200000b4        -       0x00000004   Zero   RW          196    .bss.PID_Current1.udf_p  calculation.o
    0x200000b8        -       0x00000004   Zero   RW          195    .bss.PID_Current1.ui_p  calculation.o
    0x200000bc        -       0x00000004   Zero   RW          197    .bss.PID_Current2.err_p  calculation.o
    0x200000c0        -       0x00000004   Zero   RW          199    .bss.PID_Current2.udf_p  calculation.o
    0x200000c4        -       0x00000004   Zero   RW          198    .bss.PID_Current2.ui_p  calculation.o
    0x200000c8        -       0x00000004   Zero   RW          200    .bss.PID_Current3.err_p  calculation.o
    0x200000cc        -       0x00000004   Zero   RW          202    .bss.PID_Current3.udf_p  calculation.o
    0x200000d0        -       0x00000004   Zero   RW          201    .bss.PID_Current3.ui_p  calculation.o
    0x200000d4        -       0x00000004   Zero   RW           10    .bss.__stdout       main.o
    0x200000d8        -       0x00000fa0   Zero   RW          109    .bss.analog_array   var.o
    0x20001078        -       0x00000fa0   Zero   RW          110    .bss.analog_array_1  var.o
    0x20002018        -       0x00000fa0   Zero   RW          111    .bss.analog_array_2  var.o
    0x20002fb8        -       0x00000004   Zero   RW           90    .bss.analog_average  var.o
    0x20002fbc        -       0x00000004   Zero   RW           93    .bss.analog_average_1  var.o
    0x20002fc0        -       0x00000004   Zero   RW           96    .bss.analog_average_2  var.o
    0x20002fc4        -       0x00000004   Zero   RW           88    .bss.analog_index   var.o
    0x20002fc8        -       0x00000006   Zero   RW          101    .bss.analog_rx      var.o
    0x20002fce   0x08003b43   0x00000002   PAD
    0x20002fd0        -       0x00000004   Zero   RW           89    .bss.analog_sum     var.o
    0x20002fd4        -       0x00000004   Zero   RW           92    .bss.analog_sum_1   var.o
    0x20002fd8        -       0x00000004   Zero   RW           95    .bss.analog_sum_2   var.o
    0x20002fdc        -       0x000007d0   Zero   RW          102    .bss.current1_array  var.o
    0x200037ac        -       0x00000004   Zero   RW           60    .bss.current1_sum   var.o
    0x200037b0        -       0x000007d0   Zero   RW          103    .bss.current2_array  var.o
    0x20003f80        -       0x00000004   Zero   RW           61    .bss.current2_sum   var.o
    0x20003f84        -       0x000007d0   Zero   RW          104    .bss.current3_array  var.o
    0x20004754        -       0x00000004   Zero   RW           62    .bss.current3_sum   var.o
    0x20004758        -       0x00000004   Zero   RW           58    .bss.current_index  var.o
    0x2000475c        -       0x0000000c   Zero   RW           63    .bss.current_mA     var.o
    0x20004768        -       0x00000006   Zero   RW           97    .bss.encoder        var.o
    0x2000476e        -       0x00000006   Zero   RW           56    .bss.pwm            var.o
    0x20004774        -       0x0000000c   Zero   RW           59    .bss.raw_current    var.o
    0x20004780        -       0x0000000f   Zero   RW           98    .bss.rx_buffer      var.o
    0x2000478f   0x08003b43   0x00000001   PAD
    0x20004790        -       0x0000000c   Zero   RW          100    .bss.rx_current     var.o
    0x2000479c        -       0x00000004   Zero   RW           55    .bss.rx_index       var.o
    0x200047a0        -       0x00000004   Zero   RW           65    .bss.tim_flag       var.o
    0x200047a4        -       0x0000000c   Zero   RW           64    .bss.vol_calib      var.o
    0x200047b0        -       0x00000200   Zero   RW          211    HEAP                startup_stm32f401xc.o
    0x200049b0        -       0x00000400   Zero   RW          210    STACK               startup_stm32f401xc.o


==============================================================================

Image component sizes


      Code (inc. data)   RO Data    RW Data    ZI Data      Debug   Object Name

       284          0          0          0          0       3065   adc.o
       720         36          0          0         36       4370   calculation.o
       808          0          0          0          0       3930   encoder.o
       388          8          0          0          0       4386   hbridge.o
      1748        108          0          0          4       3131   main.o
      1090        100          0          0          0       5947   sample_time.o
        64         26        404          0       1536        920   startup_stm32f401xc.o
        18          0          0          0          0       2942   system_stm32f4xx.o
       112          0          0          0          0       4888   usart.o
         0          0          0         51      18157       2196   var.o

    ----------------------------------------------------------------------
      5240        282        436         52      19740      35775   Object Totals
         0          0         32          0          0          0   (incl. Generated)
         8          4          0          1          7          0   (incl. Padding)

    ----------------------------------------------------------------------

      Code (inc. data)   RO Data    RW Data    ZI Data      Debug   Library Member Name

        60          8          0          0          0         84   __0sscanf.o
         8          0          0          0          0         68   __main.o
       284          0          0          0          0        156   __printf_wp.o
         0          0          0          0          0          0   __rtentry.o
        12          0          0          0          0          0   __rtentry2.o
         6          0          0          0          0          0   __rtentry4.o
        94          8          0          0          0          0   __scatter.o
        26          0          0          0          0          0   __scatter_copy.o
        28          0          0          0          0          0   __scatter_zi.o
        28          0          0          0          0         68   _chval.o
        48          6          0          0          0         96   _printf_char_common.o
        36          4          0          0          0         80   _printf_char_file.o
         6          0          0          0          0          0   _printf_f.o
      1052          0          0          0          0        148   _printf_fp_dec.o
       128         16          0          0          0         84   _printf_fp_infnan.o
         0          0          0          0          0          0   _printf_percent.o
         4          0          0          0          0          0   _printf_percent_end.o
       884          6          0          0          0        100   _scanf.o
       332          0          0          0          0         96   _scanf_int.o
        64          0          0          0          0         84   _sgetc.o
       228          4        148          0          0         96   bigflt0.o
      1936        128          0          0          0        668   btod.o
        18          0          0          0          0         80   exit.o
         8          0          0          0          0         68   ferror.o
         6          0          0          0          0        152   heapauxi.o
         0          0          0          0          0          0   indicate_semi.o
        18          0          0          0          0         76   isspace.o
        44         10        272          0          0         76   lc_ctype_c.o
        44         10         28          0          0         76   lc_numeric_c.o
         2          0          0          0          0          0   libinit.o
        34          0          0          0          0          0   libinit2.o
         2          0          0          0          0          0   libshutdown.o
         2          0          0          0          0          0   libshutdown2.o
         8          4          0          0         96         68   libspace.o
       138          0          0          0          0         80   lludiv10.o
        24          4          0          0          0         84   noretval__2printf.o
        16          4          0          0          0         76   rt_ctype_table.o
         8          4          0          0          0         68   rt_locale_intlibspace.o
         2          0          0          0          0          0   rtexit.o
        10          0          0          0          0          0   rtexit2.o
        44          8          0          0          0         84   scanf_char.o
       124          0          0          0          0         88   strcmpv7em.o
        12          4          0          0          0         68   sys_exit.o
        74          0          0          0          0         80   sys_stackheap_outer.o
         2          0          0          0          0         68   use_no_semi.o
        98          4          0          0          0        140   d2f.o
       812         16          0          0          0        392   daddsub_clz.o
        84          0          0          0          0        244   dcmp.o
        24          0          0          0          0        116   dcmpi.o
       692        140          0          0          0        264   ddiv.o
       120          4          0          0          0        140   deqf.o
        94          4          0          0          0        140   dfix.o
        84          0          0          0          0        232   dflt_clz.o
       120          4          0          0          0        140   dgeqf.o
       120          4          0          0          0        140   dleqf.o
       340         12          0          0          0        152   dmul.o
       156          4          0          0          0        140   dnaninf.o
        12          0          0          0          0        116   dretinf.o
        86          4          0          0          0        132   f2d.o
       140          4          0          0          0        132   fnaninf.o
        26          0          0          0          0        116   fpinit.o
        10          0          0          0          0        116   fretinf.o
         4          0          0          0          0        116   printf1.o
         0          0          0          0          0          0   usenofp.o
        48          0          0          0          0        124   fpclassify.o

    ----------------------------------------------------------------------
      8996        428        448          0         96       6212   Library Totals
        22          0          0          0          0          0   (incl. Padding)

    ----------------------------------------------------------------------

      Code (inc. data)   RO Data    RW Data    ZI Data      Debug   Library Name

      5904        228        448          0         96       3120   c_w.l
      3022        200          0          0          0       2968   fz_wm.l
        48          0          0          0          0        124   m_wm.l

    ----------------------------------------------------------------------
      8996        428        448          0         96       6212   Library Totals

    ----------------------------------------------------------------------

==============================================================================


      Code (inc. data)   RO Data    RW Data    ZI Data      Debug   

     14236        710        884         52      19836      38299   Grand Totals
     14236        710        884         52      19836      38299   ELF Image Totals
     14236        710        884         52          0          0   ROM Totals

==============================================================================

    Total RO  Size (Code + RO Data)                15120 (  14.77kB)
    Total RW  Size (RW Data + ZI Data)             19888 (  19.42kB)
    Total ROM Size (Code + RO Data + RW Data)      15172 (  14.82kB)

==============================================================================

